66.249.73.159 - - [09/Jun/2018:15:41:57 +0000] "GET / HTTP/1.1" 200 41277 "-" "Mozilla/5.0 (compatible; Googlebot/2.1; +http://www.google.com/bot.html)"
66.249.73.128 - - [09/Jun/2018:15:46:51 +0000] "GET /assets/css/vendor.bundle.css HTTP/1.1" 200 232153 "https://www.goldrium.com/" "Mozilla/5.0 AppleWebKit/537.36 (KHTML, like Gecko; compatible; Googlebot/2.1; +http://www.google.com/bot.html) Safari/537.36"
77.88.5.22 - - [09/Jun/2018:15:56:53 +0000] "GET /images/favicon.png HTTP/1.1" 200 2010 "-" "Mozilla/5.0 (compatible; YandexBot/3.0; +http://yandex.com/bots)"
149.202.238.204 - - [09/Jun/2018:16:48:14 +0000] "GET / HTTP/1.1" 200 41277 "-" "Mozilla/5.0 (Windows NT 10.0; Win64; x64) AppleWebKit/537.36 (KHTML, like Gecko) Chrome/66.0.3359.181 Safari/537.36"
66.249.65.134 - - [09/Jun/2018:17:08:05 +0000] "GET / HTTP/1.1" 200 41277 "-" "Mozilla/5.0 (Linux; Android 6.0.1; Nexus 5X Build/MMB29P) AppleWebKit/537.36 (KHTML, like Gecko) Chrome/41.0.2272.96 Mobile Safari/537.36 (compatible; Googlebot/2.1; +http://www.google.com/bot.html)"
37.233.102.65 - - [09/Jun/2018:17:21:31 +0000] "GET / HTTP/1.1" 200 41277 "-" "Mozilla/5.0 (Windows NT 10.0; Win64; x64) AppleWebKit/537.36 (KHTML, like Gecko) Chrome/66.0.3359.181 Safari/537.36"
139.162.116.133 - - [09/Jun/2018:19:08:55 +0000] "GET / HTTP/1.1" 200 41277 "-" "Go-http-client/1.1"
185.156.177.140 - - [09/Jun/2018:19:25:08 +0000] "\x03\x00\x00*%\xE0\x00\x00\x00\x00\x00Cookie: mstshash=Test" 400 166 "-" "-"
185.156.177.140 - - [09/Jun/2018:19:25:08 +0000] "\x03\x00\x00*%\xE0\x00\x00\x00\x00\x00Cookie: mstshash=Test" 400 166 "-" "-"
66.249.73.128 - - [09/Jun/2018:19:29:46 +0000] "GET / HTTP/1.1" 200 41277 "-" "Mozilla/5.0 (Linux; Android 6.0.1; Nexus 5X Build/MMB29P) AppleWebKit/537.36 (KHTML, like Gecko) Chrome/41.0.2272.96 Mobile Safari/537.36 (compatible; Googlebot/2.1; +http://www.google.com/bot.html)"
163.172.4.153 - - [09/Jun/2018:19:34:05 +0000] "GET / HTTP/1.1" 200 41277 "https://goldrium.com/" "Mozilla/5.0 (Windows NT 10.0; Win64; x64) AppleWebKit/537.36 (KHTML, like Gecko) Chrome/52.0.2743.116 Safari/537.36 Edge/15.15063"
66.249.65.134 - - [09/Jun/2018:21:07:05 +0000] "GET /images/team-a-sq.jpg HTTP/1.1" 200 14402 "-" "Googlebot-Image/1.0"
66.249.65.132 - - [09/Jun/2018:21:11:15 +0000] "GET / HTTP/1.1" 200 41277 "-" "Mozilla/5.0 (compatible; Googlebot/2.1; +http://www.google.com/bot.html)"
66.249.73.128 - - [09/Jun/2018:21:51:02 +0000] "GET / HTTP/1.1" 200 41277 "-" "Mozilla/5.0 (compatible; Googlebot/2.1; +http://www.google.com/bot.html)"
66.249.65.134 - - [09/Jun/2018:22:28:19 +0000] "GET /images/mobile-app.png HTTP/1.1" 200 46660 "-" "Googlebot-Image/1.0"
66.249.65.130 - - [09/Jun/2018:22:57:32 +0000] "GET / HTTP/1.1" 200 41277 "-" "Mozilla/5.0 (Linux; Android 6.0.1; Nexus 5X Build/MMB29P) AppleWebKit/537.36 (KHTML, like Gecko) Chrome/41.0.2272.96 Mobile Safari/537.36 (compatible; Googlebot/2.1; +http://www.google.com/bot.html)"
66.249.65.132 - - [09/Jun/2018:22:58:32 +0000] "GET /assets/css/theme-java.css?ver=111 HTTP/1.1" 200 17982 "https://goldrium.com/" "Mozilla/5.0 (Linux; Android 6.0.1; Nexus 5X Build/MMB29P) AppleWebKit/537.36 (KHTML, like Gecko) Chrome/41.0.2272.96 Mobile Safari/537.36 (compatible; Googlebot/2.1; +http://www.google.com/bot.html)"
137.226.113.34 - - [09/Jun/2018:23:55:30 +0000] "GET / HTTP/2.0" 200 41277 "-" "Mozilla/5.0 (X11; Ubuntu; Linux x86_64; rv:50.0) Gecko/20100101 Firefox/50.0"
137.226.113.34 - - [09/Jun/2018:23:55:30 +0000] "GET /assets/css/theme-java.css?ver=111 HTTP/2.0" 200 17982 "-" "Mozilla/5.0 (X11; Ubuntu; Linux x86_64; rv:50.0) Gecko/20100101 Firefox/50.0"
137.226.113.34 - - [09/Jun/2018:23:55:31 +0000] "GET /assets/css/style.css?ver=111 HTTP/2.0" 200 119668 "-" "Mozilla/5.0 (X11; Ubuntu; Linux x86_64; rv:50.0) Gecko/20100101 Firefox/50.0"
137.226.113.34 - - [09/Jun/2018:23:55:31 +0000] "GET /assets/js/script.js?ver=111 HTTP/2.0" 200 11368 "-" "Mozilla/5.0 (X11; Ubuntu; Linux x86_64; rv:50.0) Gecko/20100101 Firefox/50.0"
137.226.113.34 - - [09/Jun/2018:23:55:31 +0000] "GET /assets/css/vendor.bundle.css HTTP/2.0" 200 232153 "-" "Mozilla/5.0 (X11; Ubuntu; Linux x86_64; rv:50.0) Gecko/20100101 Firefox/50.0"
137.226.113.34 - - [09/Jun/2018:23:55:31 +0000] "GET /images/logo-white.png HTTP/2.0" 200 5410 "-" "Mozilla/5.0 (X11; Ubuntu; Linux x86_64; rv:50.0) Gecko/20100101 Firefox/50.0"
137.226.113.34 - - [09/Jun/2018:23:55:32 +0000] "GET /images/logo.png HTTP/2.0" 200 5410 "-" "Mozilla/5.0 (X11; Ubuntu; Linux x86_64; rv:50.0) Gecko/20100101 Firefox/50.0"
137.226.113.34 - - [09/Jun/2018:23:55:32 +0000] "GET /images/features-icon-light-a.png HTTP/2.0" 200 19627 "-" "Mozilla/5.0 (X11; Ubuntu; Linux x86_64; rv:50.0) Gecko/20100101 Firefox/50.0"
137.226.113.34 - - [09/Jun/2018:23:55:32 +0000] "GET /images/features-icon-light-b.png HTTP/2.0" 200 12807 "-" "Mozilla/5.0 (X11; Ubuntu; Linux x86_64; rv:50.0) Gecko/20100101 Firefox/50.0"
137.226.113.34 - - [09/Jun/2018:23:55:32 +0000] "GET /images/features-icon-light-c.png HTTP/2.0" 200 16758 "-" "Mozilla/5.0 (X11; Ubuntu; Linux x86_64; rv:50.0) Gecko/20100101 Firefox/50.0"
137.226.113.34 - - [09/Jun/2018:23:55:32 +0000] "GET /images/team-b-sq.jpg HTTP/2.0" 200 14314 "-" "Mozilla/5.0 (X11; Ubuntu; Linux x86_64; rv:50.0) Gecko/20100101 Firefox/50.0"
137.226.113.34 - - [09/Jun/2018:23:55:33 +0000] "GET /images/team-d-sq.jpg HTTP/2.0" 200 14110 "-" "Mozilla/5.0 (X11; Ubuntu; Linux x86_64; rv:50.0) Gecko/20100101 Firefox/50.0"
137.226.113.34 - - [09/Jun/2018:23:55:33 +0000] "GET /images/team-c-sq.jpg HTTP/2.0" 200 14642 "-" "Mozilla/5.0 (X11; Ubuntu; Linux x86_64; rv:50.0) Gecko/20100101 Firefox/50.0"
137.226.113.34 - - [09/Jun/2018:23:55:33 +0000] "GET /images/team-a-sq.jpg HTTP/2.0" 200 14402 "-" "Mozilla/5.0 (X11; Ubuntu; Linux x86_64; rv:50.0) Gecko/20100101 Firefox/50.0"
137.226.113.34 - - [09/Jun/2018:23:55:33 +0000] "GET /images/team-c-lg.jpg HTTP/2.0" 200 43280 "-" "Mozilla/5.0 (X11; Ubuntu; Linux x86_64; rv:50.0) Gecko/20100101 Firefox/50.0"
137.226.113.34 - - [09/Jun/2018:23:55:33 +0000] "GET /images/chart-blue-a.png HTTP/2.0" 200 21858 "-" "Mozilla/5.0 (X11; Ubuntu; Linux x86_64; rv:50.0) Gecko/20100101 Firefox/50.0"
137.226.113.34 - - [09/Jun/2018:23:55:33 +0000] "GET /assets/js/jquery.bundle.js?ver=111 HTTP/2.0" 200 363030 "-" "Mozilla/5.0 (X11; Ubuntu; Linux x86_64; rv:50.0) Gecko/20100101 Firefox/50.0"
137.226.113.34 - - [09/Jun/2018:23:55:33 +0000] "GET /images/chart-blue-b.png HTTP/2.0" 200 26034 "-" "Mozilla/5.0 (X11; Ubuntu; Linux x86_64; rv:50.0) Gecko/20100101 Firefox/50.0"
137.226.113.34 - - [09/Jun/2018:23:55:34 +0000] "GET /images/team-b-lg.jpg HTTP/2.0" 200 42768 "-" "Mozilla/5.0 (X11; Ubuntu; Linux x86_64; rv:50.0) Gecko/20100101 Firefox/50.0"
137.226.113.34 - - [09/Jun/2018:23:55:34 +0000] "GET /images/graph-light-d.png HTTP/2.0" 200 19257 "-" "Mozilla/5.0 (X11; Ubuntu; Linux x86_64; rv:50.0) Gecko/20100101 Firefox/50.0"
137.226.113.34 - - [09/Jun/2018:23:55:34 +0000] "GET /images/team-d-lg.jpg HTTP/2.0" 200 43620 "-" "Mozilla/5.0 (X11; Ubuntu; Linux x86_64; rv:50.0) Gecko/20100101 Firefox/50.0"
137.226.113.34 - - [09/Jun/2018:23:55:34 +0000] "GET /images/mobile-app.png HTTP/2.0" 200 46660 "-" "Mozilla/5.0 (X11; Ubuntu; Linux x86_64; rv:50.0) Gecko/20100101 Firefox/50.0"
137.226.113.34 - - [09/Jun/2018:23:55:34 +0000] "GET /images/team-a-lg.jpg HTTP/2.0" 200 46072 "-" "Mozilla/5.0 (X11; Ubuntu; Linux x86_64; rv:50.0) Gecko/20100101 Firefox/50.0"
137.226.113.34 - - [09/Jun/2018:23:55:34 +0000] "GET /images/favicon.png HTTP/2.0" 200 2010 "-" "Mozilla/5.0 (X11; Ubuntu; Linux x86_64; rv:50.0) Gecko/20100101 Firefox/50.0"
137.226.113.34 - - [09/Jun/2018:23:55:34 +0000] "GET /images/header-image-blue.png HTTP/2.0" 200 137843 "-" "Mozilla/5.0 (X11; Ubuntu; Linux x86_64; rv:50.0) Gecko/20100101 Firefox/50.0"
66.249.73.131 - - [10/Jun/2018:00:03:45 +0000] "GET / HTTP/1.1" 200 41277 "-" "Mozilla/5.0 (Linux; Android 6.0.1; Nexus 5X Build/MMB29P) AppleWebKit/537.36 (KHTML, like Gecko) Chrome/41.0.2272.96 Mobile Safari/537.36 (compatible; Googlebot/2.1; +http://www.google.com/bot.html)"
38.135.47.2 - - [10/Jun/2018:00:11:24 +0000] "GET / HTTP/1.1" 200 41277 "-" "Mozilla/5.0 (Windows NT 5.1; rv:9.0.1) Gecko/20100101 Firefox/9.0.1"
107.170.229.236 - - [10/Jun/2018:00:27:22 +0000] "GET / HTTP/1.1" 200 41277 "-" "Mozilla/5.0 zgrab/0.x"
66.249.65.130 - - [10/Jun/2018:00:34:36 +0000] "GET / HTTP/1.1" 200 41277 "-" "Mozilla/5.0 (compatible; Googlebot/2.1; +http://www.google.com/bot.html)"
66.249.65.134 - - [10/Jun/2018:00:50:51 +0000] "GET /images/logo.png HTTP/1.1" 200 5410 "-" "Googlebot-Image/1.0"
66.249.73.128 - - [10/Jun/2018:00:54:12 +0000] "GET / HTTP/1.1" 200 41277 "-" "Mozilla/5.0 (compatible; Googlebot/2.1; +http://www.google.com/bot.html)"
66.249.65.134 - - [10/Jun/2018:02:10:55 +0000] "GET / HTTP/1.1" 200 41277 "-" "Mozilla/5.0 (Linux; Android 6.0.1; Nexus 5X Build/MMB29P) AppleWebKit/537.36 (KHTML, like Gecko) Chrome/41.0.2272.96 Mobile Safari/537.36 (compatible; Googlebot/2.1; +http://www.google.com/bot.html)"
66.249.73.128 - - [10/Jun/2018:02:41:32 +0000] "GET / HTTP/1.1" 200 41277 "-" "Mozilla/5.0 (Linux; Android 6.0.1; Nexus 5X Build/MMB29P) AppleWebKit/537.36 (KHTML, like Gecko) Chrome/41.0.2272.96 Mobile Safari/537.36 (compatible; Googlebot/2.1; +http://www.google.com/bot.html)"
173.208.130.202 - - [10/Jun/2018:03:11:44 +0000] "GET / HTTP/1.1" 200 41277 "-" "Mozilla/5.0 (compatible; MJ12bot/v1.4.8; http://mj12bot.com/)"
5.8.10.202 - - [10/Jun/2018:03:23:57 +0000] "GET / HTTP/1.1" 200 41277 "-" "Go-http-client/1.1"
5.8.10.202 - - [10/Jun/2018:03:23:58 +0000] "GET / HTTP/1.1" 200 41277 "-" "Go-http-client/1.1"
5.8.10.202 - - [10/Jun/2018:03:23:59 +0000] "GET / HTTP/1.1" 200 41277 "-" "Go-http-client/1.1"
5.8.10.202 - - [10/Jun/2018:03:24:01 +0000] "GET / HTTP/1.1" 200 41277 "-" "Go-http-client/1.1"
5.8.10.202 - - [10/Jun/2018:03:24:03 +0000] "GET / HTTP/1.1" 200 41277 "-" "Go-http-client/1.1"
5.8.10.202 - - [10/Jun/2018:03:24:04 +0000] "GET / HTTP/1.1" 200 41277 "-" "Go-http-client/1.1"
5.8.10.202 - - [10/Jun/2018:03:24:06 +0000] "GET / HTTP/1.1" 200 41277 "-" "Go-http-client/1.1"
5.8.10.202 - - [10/Jun/2018:03:24:07 +0000] "GET / HTTP/1.1" 200 41277 "-" "Go-http-client/1.1"
5.8.10.202 - - [10/Jun/2018:03:24:09 +0000] "GET / HTTP/1.1" 200 41277 "-" "Go-http-client/1.1"
5.8.10.202 - - [10/Jun/2018:03:24:10 +0000] "GET / HTTP/1.1" 200 41277 "-" "Go-http-client/1.1"
5.8.10.202 - - [10/Jun/2018:03:24:12 +0000] "GET / HTTP/1.1" 200 41277 "-" "Go-http-client/1.1"
5.8.10.202 - - [10/Jun/2018:03:24:13 +0000] "GET / HTTP/1.1" 200 41277 "-" "Go-http-client/1.1"
5.8.10.202 - - [10/Jun/2018:03:24:14 +0000] "GET / HTTP/1.1" 200 41277 "-" "Go-http-client/1.1"
5.8.10.202 - - [10/Jun/2018:03:24:15 +0000] "GET / HTTP/1.1" 200 41277 "-" "Go-http-client/1.1"
5.8.10.202 - - [10/Jun/2018:03:24:17 +0000] "GET / HTTP/1.1" 200 41277 "-" "Go-http-client/1.1"
5.8.10.202 - - [10/Jun/2018:03:24:18 +0000] "GET / HTTP/1.1" 200 41277 "-" "Go-http-client/1.1"
5.8.10.202 - - [10/Jun/2018:03:24:19 +0000] "GET / HTTP/1.1" 200 41277 "-" "Go-http-client/1.1"
5.8.10.202 - - [10/Jun/2018:03:24:21 +0000] "GET / HTTP/1.1" 200 41277 "-" "Go-http-client/1.1"
5.8.10.202 - - [10/Jun/2018:03:24:22 +0000] "GET / HTTP/1.1" 200 41277 "-" "Go-http-client/1.1"
5.8.10.202 - - [10/Jun/2018:03:24:23 +0000] "GET / HTTP/1.1" 200 41277 "-" "Go-http-client/1.1"
5.8.10.202 - - [10/Jun/2018:03:24:25 +0000] "GET / HTTP/1.1" 200 41277 "-" "Go-http-client/1.1"
5.8.10.202 - - [10/Jun/2018:03:24:26 +0000] "GET / HTTP/1.1" 200 41277 "-" "Go-http-client/1.1"
66.249.65.134 - - [10/Jun/2018:04:38:42 +0000] "GET / HTTP/1.0" 200 3742 "-" "Mozilla/5.0 (compatible; Googlebot/2.1; +http://www.google.com/bot.html)"
66.249.73.131 - - [10/Jun/2018:04:43:41 +0000] "GET / HTTP/1.0" 200 435 "-" "Mozilla/5.0 (compatible; Googlebot/2.1; +http://www.google.com/bot.html)"
66.249.65.130 - - [10/Jun/2018:05:29:31 +0000] "GET / HTTP/1.0" 200 3742 "-" "Mozilla/5.0 (Linux; Android 6.0.1; Nexus 5X Build/MMB29P) AppleWebKit/537.36 (KHTML, like Gecko) Chrome/41.0.2272.96 Mobile Safari/537.36 (compatible; Googlebot/2.1; +http://www.google.com/bot.html)"
165.227.234.103 - - [10/Jun/2018:06:20:11 +0000] "GET / HTTP/1.0" 200 3742 "-" "Mozilla/5.0 (X11; Linux x86_64) AppleWebKit/537.11 (KHTML, like Gecko) Chrome/23.0.1271.64 Safari/537.11"
66.249.73.131 - - [10/Jun/2018:06:20:14 +0000] "GET / HTTP/1.0" 200 435 "-" "Mozilla/5.0 (Linux; Android 6.0.1; Nexus 5X Build/MMB29P) AppleWebKit/537.36 (KHTML, like Gecko) Chrome/41.0.2272.96 Mobile Safari/537.36 (compatible; Googlebot/2.1; +http://www.google.com/bot.html)"
66.249.65.134 - - [10/Jun/2018:07:06:00 +0000] "GET / HTTP/1.0" 200 3742 "-" "Mozilla/5.0 (compatible; Googlebot/2.1; +http://www.google.com/bot.html)"
66.249.73.159 - - [10/Jun/2018:07:16:12 +0000] "GET / HTTP/1.0" 200 3742 "-" "Mozilla/5.0 (compatible; Googlebot/2.1; +http://www.google.com/bot.html)"
66.249.65.134 - - [10/Jun/2018:07:26:20 +0000] "GET / HTTP/1.0" 200 3742 "-" "Mozilla/5.0 (Linux; Android 6.0.1; Nexus 5X Build/MMB29P) AppleWebKit/537.36 (KHTML, like Gecko) Chrome/41.0.2272.96 Mobile Safari/537.36 (compatible; Googlebot/2.1; +http://www.google.com/bot.html)"
218.211.168.176 - - [10/Jun/2018:07:35:48 +0000] "GET / HTTP/1.0" 200 3742 "http://198.251.72.226:80/" "Mozilla/5.0"
66.249.73.128 - - [10/Jun/2018:08:07:11 +0000] "GET /robots.txt HTTP/1.0" 404 4813 "-" "Mozilla/5.0 (compatible; Googlebot/2.1; +http://www.google.com/bot.html)"
66.249.73.131 - - [10/Jun/2018:08:07:12 +0000] "GET / HTTP/1.0" 200 435 "-" "Mozilla/5.0 (Linux; Android 6.0.1; Nexus 5X Build/MMB29P) AppleWebKit/537.36 (KHTML, like Gecko) Chrome/41.0.2272.96 Mobile Safari/537.36 (compatible; Googlebot/2.1; +http://www.google.com/bot.html)"
66.249.65.130 - - [10/Jun/2018:08:17:31 +0000] "GET / HTTP/1.0" 200 3742 "-" "Mozilla/5.0 (compatible; Googlebot/2.1; +http://www.google.com/bot.html)"
5.255.250.80 - - [10/Jun/2018:09:29:26 +0000] "GET /robots.txt HTTP/1.0" 404 4813 "-" "Mozilla/5.0 (compatible; YandexBot/3.0; +http://yandex.com/bots)"
5.255.250.80 - - [10/Jun/2018:09:29:29 +0000] "GET /images/favicon.png HTTP/1.0" 200 443 "-" "Mozilla/5.0 (compatible; YandexBot/3.0; +http://yandex.com/bots)"
66.249.73.159 - - [10/Jun/2018:10:24:39 +0000] "GET / HTTP/1.0" 200 3742 "-" "Mozilla/5.0 (compatible; Googlebot/2.1; +http://www.google.com/bot.html)"
66.249.65.132 - - [10/Jun/2018:11:25:29 +0000] "GET /robots.txt HTTP/1.0" 404 4813 "-" "Mozilla/5.0 (compatible; Googlebot/2.1; +http://www.google.com/bot.html)"
66.249.65.132 - - [10/Jun/2018:11:25:30 +0000] "GET / HTTP/1.0" 200 435 "-" "Mozilla/5.0 (Linux; Android 6.0.1; Nexus 5X Build/MMB29P) AppleWebKit/537.36 (KHTML, like Gecko) Chrome/41.0.2272.96 Mobile Safari/537.36 (compatible; Googlebot/2.1; +http://www.google.com/bot.html)"
66.249.73.131 - - [10/Jun/2018:11:30:30 +0000] "GET / HTTP/1.0" 200 3742 "-" "Mozilla/5.0 (Linux; Android 6.0.1; Nexus 5X Build/MMB29P) AppleWebKit/537.36 (KHTML, like Gecko) Chrome/41.0.2272.96 Mobile Safari/537.36 (compatible; Googlebot/2.1; +http://www.google.com/bot.html)"
66.249.65.130 - - [10/Jun/2018:12:24:36 +0000] "GET /images/team-c-lg.jpg HTTP/1.0" 200 3753 "-" "Googlebot-Image/1.0"
66.249.65.130 - - [10/Jun/2018:12:26:31 +0000] "GET / HTTP/1.0" 200 435 "-" "Mozilla/5.0 (compatible; Googlebot/2.1; +http://www.google.com/bot.html)"
66.249.73.128 - - [10/Jun/2018:13:22:28 +0000] "GET / HTTP/1.0" 200 3742 "-" "Mozilla/5.0 (compatible; Googlebot/2.1; +http://www.google.com/bot.html)"
185.35.63.160 - - [10/Jun/2018:13:36:54 +0000] "GET / HTTP/1.0" 200 3742 "-" "hm"
66.249.65.132 - - [10/Jun/2018:13:43:00 +0000] "GET / HTTP/1.0" 200 3742 "-" "Mozilla/5.0 (Linux; Android 6.0.1; Nexus 5X Build/MMB29P) AppleWebKit/537.36 (KHTML, like Gecko) Chrome/41.0.2272.96 Mobile Safari/537.36 (compatible; Googlebot/2.1; +http://www.google.com/bot.html)"
66.249.65.132 - - [10/Jun/2018:13:44:45 +0000] "GET /images/team-b-lg.jpg HTTP/1.0" 200 446 "-" "Googlebot-Image/1.0"
159.203.42.73 - - [10/Jun/2018:14:10:16 +0000] "HEAD / HTTP/1.0" 200 3449 "-" "Mozilla/5.0 (Windows NT 6.2; WOW64) AppleWebKit/537.36 (KHTML, like Gecko) Chrome/27.0.1500.55 Safari/537.36"
159.203.42.73 - - [10/Jun/2018:14:10:16 +0000] "HEAD / HTTP/1.0" 200 142 "-" "Mozilla/5.0 (X11; Ubuntu; Linux x86_64; rv:21.0) Gecko/20100101 Firefox/21.0"
159.203.42.73 - - [10/Jun/2018:14:10:16 +0000] "HEAD / HTTP/1.0" 200 142 "-" "Mozilla/5.0 (Windows NT 6.1; WOW64) AppleWebKit/537.36 (KHTML, like Gecko) Chrome/31.0.1623.0 Safari/537.36"
159.203.42.73 - - [10/Jun/2018:14:10:16 +0000] "HEAD / HTTP/1.0" 200 142 "-" "Mozilla/5.0 (Windows NT 6.1; WOW64) AppleWebKit/537.36 (KHTML, like Gecko) Chrome/36.0.1985.67 Safari/537.36"
74.82.47.2 - - [10/Jun/2018:14:43:30 +0000] "GET / HTTP/1.0" 200 3742 "-" "-"
66.249.65.130 - - [10/Jun/2018:14:50:46 +0000] "GET /images/favicon.png HTTP/1.0" 200 3750 "-" "Googlebot-Image/1.0"
83.243.151.55 - - [10/Jun/2018:14:52:16 +0000] "GET / HTTP/1.0" 200 435 "https://www.google.no/" "Mozilla/5.0 (Windows NT 10.0; Win64; x64) AppleWebKit/537.36 (KHTML, like Gecko) Chrome/66.0.3359.181 Safari/537.36"
83.243.151.55 - - [10/Jun/2018:14:52:16 +0000] "GET /assets/css/vendor.bundle.css HTTP/1.0" 200 452 "https://goldrium.com/" "Mozilla/5.0 (Windows NT 10.0; Win64; x64) AppleWebKit/537.36 (KHTML, like Gecko) Chrome/66.0.3359.181 Safari/537.36"
83.243.151.55 - - [10/Jun/2018:14:52:16 +0000] "GET /assets/css/style.css?ver=111 HTTP/1.0" 200 444 "https://goldrium.com/" "Mozilla/5.0 (Windows NT 10.0; Win64; x64) AppleWebKit/537.36 (KHTML, like Gecko) Chrome/66.0.3359.181 Safari/537.36"
83.243.151.55 - - [10/Jun/2018:14:52:16 +0000] "GET /assets/css/theme-java.css?ver=111 HTTP/1.0" 200 449 "https://goldrium.com/" "Mozilla/5.0 (Windows NT 10.0; Win64; x64) AppleWebKit/537.36 (KHTML, like Gecko) Chrome/66.0.3359.181 Safari/537.36"
83.243.151.55 - - [10/Jun/2018:14:52:16 +0000] "GET /images/logo.png HTTP/1.0" 200 440 "https://goldrium.com/" "Mozilla/5.0 (Windows NT 10.0; Win64; x64) AppleWebKit/537.36 (KHTML, like Gecko) Chrome/66.0.3359.181 Safari/537.36"
83.243.151.55 - - [10/Jun/2018:14:52:16 +0000] "GET /images/logo-white.png HTTP/1.0" 200 446 "https://goldrium.com/" "Mozilla/5.0 (Windows NT 10.0; Win64; x64) AppleWebKit/537.36 (KHTML, like Gecko) Chrome/66.0.3359.181 Safari/537.36"
83.243.151.55 - - [10/Jun/2018:14:52:16 +0000] "GET /images/header-image-blue.png HTTP/1.0" 200 453 "https://goldrium.com/" "Mozilla/5.0 (Windows NT 10.0; Win64; x64) AppleWebKit/537.36 (KHTML, like Gecko) Chrome/66.0.3359.181 Safari/537.36"
83.243.151.55 - - [10/Jun/2018:14:52:16 +0000] "GET /images/features-icon-light-a.png HTTP/1.0" 200 457 "https://goldrium.com/" "Mozilla/5.0 (Windows NT 10.0; Win64; x64) AppleWebKit/537.36 (KHTML, like Gecko) Chrome/66.0.3359.181 Safari/537.36"
83.243.151.55 - - [10/Jun/2018:14:52:16 +0000] "GET /images/graph-light-d.png HTTP/1.0" 200 449 "https://goldrium.com/" "Mozilla/5.0 (Windows NT 10.0; Win64; x64) AppleWebKit/537.36 (KHTML, like Gecko) Chrome/66.0.3359.181 Safari/537.36"
83.243.151.55 - - [10/Jun/2018:14:52:16 +0000] "GET /images/features-icon-light-c.png HTTP/1.0" 200 457 "https://goldrium.com/" "Mozilla/5.0 (Windows NT 10.0; Win64; x64) AppleWebKit/537.36 (KHTML, like Gecko) Chrome/66.0.3359.181 Safari/537.36"
83.243.151.55 - - [10/Jun/2018:14:52:16 +0000] "GET /images/features-icon-light-b.png HTTP/1.0" 200 457 "https://goldrium.com/" "Mozilla/5.0 (Windows NT 10.0; Win64; x64) AppleWebKit/537.36 (KHTML, like Gecko) Chrome/66.0.3359.181 Safari/537.36"
83.243.151.55 - - [10/Jun/2018:14:52:16 +0000] "GET /images/chart-blue-b.png HTTP/1.0" 200 448 "https://goldrium.com/" "Mozilla/5.0 (Windows NT 10.0; Win64; x64) AppleWebKit/537.36 (KHTML, like Gecko) Chrome/66.0.3359.181 Safari/537.36"
83.243.151.55 - - [10/Jun/2018:14:52:16 +0000] "GET /images/chart-blue-a.png HTTP/1.0" 200 448 "https://goldrium.com/" "Mozilla/5.0 (Windows NT 10.0; Win64; x64) AppleWebKit/537.36 (KHTML, like Gecko) Chrome/66.0.3359.181 Safari/537.36"
83.243.151.55 - - [10/Jun/2018:14:52:16 +0000] "GET /images/mobile-app.png HTTP/1.0" 200 446 "https://goldrium.com/" "Mozilla/5.0 (Windows NT 10.0; Win64; x64) AppleWebKit/537.36 (KHTML, like Gecko) Chrome/66.0.3359.181 Safari/537.36"
83.243.151.55 - - [10/Jun/2018:14:52:16 +0000] "GET /images/team-a-lg.jpg HTTP/1.0" 200 446 "https://goldrium.com/" "Mozilla/5.0 (Windows NT 10.0; Win64; x64) AppleWebKit/537.36 (KHTML, like Gecko) Chrome/66.0.3359.181 Safari/537.36"
83.243.151.55 - - [10/Jun/2018:14:52:16 +0000] "GET /images/team-b-sq.jpg HTTP/1.0" 200 446 "https://goldrium.com/" "Mozilla/5.0 (Windows NT 10.0; Win64; x64) AppleWebKit/537.36 (KHTML, like Gecko) Chrome/66.0.3359.181 Safari/537.36"
83.243.151.55 - - [10/Jun/2018:14:52:16 +0000] "GET /images/team-a-sq.jpg HTTP/1.0" 200 446 "https://goldrium.com/" "Mozilla/5.0 (Windows NT 10.0; Win64; x64) AppleWebKit/537.36 (KHTML, like Gecko) Chrome/66.0.3359.181 Safari/537.36"
83.243.151.55 - - [10/Jun/2018:14:52:16 +0000] "GET /images/team-b-lg.jpg HTTP/1.0" 200 446 "https://goldrium.com/" "Mozilla/5.0 (Windows NT 10.0; Win64; x64) AppleWebKit/537.36 (KHTML, like Gecko) Chrome/66.0.3359.181 Safari/537.36"
83.243.151.55 - - [10/Jun/2018:14:52:16 +0000] "GET /images/team-c-sq.jpg HTTP/1.0" 200 446 "https://goldrium.com/" "Mozilla/5.0 (Windows NT 10.0; Win64; x64) AppleWebKit/537.36 (KHTML, like Gecko) Chrome/66.0.3359.181 Safari/537.36"
83.243.151.55 - - [10/Jun/2018:14:52:16 +0000] "GET /images/team-c-lg.jpg HTTP/1.0" 200 446 "https://goldrium.com/" "Mozilla/5.0 (Windows NT 10.0; Win64; x64) AppleWebKit/537.36 (KHTML, like Gecko) Chrome/66.0.3359.181 Safari/537.36"
83.243.151.55 - - [10/Jun/2018:14:52:16 +0000] "GET /images/team-d-sq.jpg HTTP/1.0" 200 446 "https://goldrium.com/" "Mozilla/5.0 (Windows NT 10.0; Win64; x64) AppleWebKit/537.36 (KHTML, like Gecko) Chrome/66.0.3359.181 Safari/537.36"
83.243.151.55 - - [10/Jun/2018:14:52:16 +0000] "GET /images/team-d-lg.jpg HTTP/1.0" 200 446 "https://goldrium.com/" "Mozilla/5.0 (Windows NT 10.0; Win64; x64) AppleWebKit/537.36 (KHTML, like Gecko) Chrome/66.0.3359.181 Safari/537.36"
83.243.151.55 - - [10/Jun/2018:14:52:16 +0000] "GET /assets/js/jquery.bundle.js?ver=111 HTTP/1.0" 200 464 "https://goldrium.com/" "Mozilla/5.0 (Windows NT 10.0; Win64; x64) AppleWebKit/537.36 (KHTML, like Gecko) Chrome/66.0.3359.181 Safari/537.36"
83.243.151.55 - - [10/Jun/2018:14:52:16 +0000] "GET /assets/js/script.js?ver=111 HTTP/1.0" 200 457 "https://goldrium.com/" "Mozilla/5.0 (Windows NT 10.0; Win64; x64) AppleWebKit/537.36 (KHTML, like Gecko) Chrome/66.0.3359.181 Safari/537.36"
137.226.113.27 - - [10/Jun/2018:15:25:25 +0000] "GET / HTTP/1.0" 200 3742 "-" "Mozilla/5.0 zgrab/0.x (compatible; Researchscan/t13rl; +http://researchscan.comsys.rwth-aachen.de)"
185.220.101.8 - - [10/Jun/2018:15:58:47 +0000] "GET / HTTP/1.0" 200 3742 "-" "Mozilla/5.0 (Windows NT 10.0; Win64; x64) AppleWebKit/537.36 (KHTML, like Gecko) Chrome/66.0.3359.181 Safari/537.36"
195.254.134.194 - - [10/Jun/2018:15:58:51 +0000] "GET /form/subscribe.php HTTP/1.0" 200 364 "http://goldrium.com/" "Mozilla/5.0 (Windows NT 10.0; Win64; x64) AppleWebKit/537.36 (KHTML, like Gecko) Chrome/66.0.3359.181 Safari/537.36"
5.255.250.80 - - [10/Jun/2018:16:21:30 +0000] "GET /robots.txt HTTP/1.0" 404 4813 "-" "Mozilla/5.0 (compatible; YandexBot/3.0; +http://yandex.com/bots)"
5.255.250.80 - - [10/Jun/2018:16:21:33 +0000] "GET /favicon.ico HTTP/1.0" 404 1506 "-" "Mozilla/5.0 (compatible; YandexBot/3.0; +http://yandex.com/bots)"
100.37.255.147 - - [10/Jun/2018:18:49:42 +0000] "GET / HTTP/1.0" 200 3742 "-" "Mozilla/5.0 (Linux; Android 8.0.0; SM-G955U Build/R16NW) AppleWebKit/537.36 (KHTML, like Gecko) Chrome/66.0.3359.158 Mobile Safari/537.36"
100.37.255.147 - - [10/Jun/2018:18:49:42 +0000] "GET /assets/css/style.css?ver=111 HTTP/1.0" 200 444 "https://goldrium.com/" "Mozilla/5.0 (Linux; Android 8.0.0; SM-G955U Build/R16NW) AppleWebKit/537.36 (KHTML, like Gecko) Chrome/66.0.3359.158 Mobile Safari/537.36"
100.37.255.147 - - [10/Jun/2018:18:49:42 +0000] "GET /assets/css/theme-java.css?ver=111 HTTP/1.0" 200 449 "https://goldrium.com/" "Mozilla/5.0 (Linux; Android 8.0.0; SM-G955U Build/R16NW) AppleWebKit/537.36 (KHTML, like Gecko) Chrome/66.0.3359.158 Mobile Safari/537.36"
100.37.255.147 - - [10/Jun/2018:18:49:42 +0000] "GET /images/logo2x.png HTTP/1.0" 200 442 "https://goldrium.com/" "Mozilla/5.0 (Linux; Android 8.0.0; SM-G955U Build/R16NW) AppleWebKit/537.36 (KHTML, like Gecko) Chrome/66.0.3359.158 Mobile Safari/537.36"
100.37.255.147 - - [10/Jun/2018:18:49:42 +0000] "GET /assets/css/vendor.bundle.css HTTP/1.0" 200 452 "https://goldrium.com/" "Mozilla/5.0 (Linux; Android 8.0.0; SM-G955U Build/R16NW) AppleWebKit/537.36 (KHTML, like Gecko) Chrome/66.0.3359.158 Mobile Safari/537.36"
100.37.255.147 - - [10/Jun/2018:18:49:42 +0000] "GET /images/logo-white2x.png HTTP/1.0" 200 448 "https://goldrium.com/" "Mozilla/5.0 (Linux; Android 8.0.0; SM-G955U Build/R16NW) AppleWebKit/537.36 (KHTML, like Gecko) Chrome/66.0.3359.158 Mobile Safari/537.36"
100.37.255.147 - - [10/Jun/2018:18:49:42 +0000] "GET /images/header-image-blue.png HTTP/1.0" 200 453 "https://goldrium.com/" "Mozilla/5.0 (Linux; Android 8.0.0; SM-G955U Build/R16NW) AppleWebKit/537.36 (KHTML, like Gecko) Chrome/66.0.3359.158 Mobile Safari/537.36"
100.37.255.147 - - [10/Jun/2018:18:49:42 +0000] "GET /images/features-icon-light-c.png HTTP/1.0" 200 457 "https://goldrium.com/" "Mozilla/5.0 (Linux; Android 8.0.0; SM-G955U Build/R16NW) AppleWebKit/537.36 (KHTML, like Gecko) Chrome/66.0.3359.158 Mobile Safari/537.36"
100.37.255.147 - - [10/Jun/2018:18:49:42 +0000] "GET /images/features-icon-light-b.png HTTP/1.0" 200 457 "https://goldrium.com/" "Mozilla/5.0 (Linux; Android 8.0.0; SM-G955U Build/R16NW) AppleWebKit/537.36 (KHTML, like Gecko) Chrome/66.0.3359.158 Mobile Safari/537.36"
100.37.255.147 - - [10/Jun/2018:18:49:42 +0000] "GET /images/features-icon-light-a.png HTTP/1.0" 200 457 "https://goldrium.com/" "Mozilla/5.0 (Linux; Android 8.0.0; SM-G955U Build/R16NW) AppleWebKit/537.36 (KHTML, like Gecko) Chrome/66.0.3359.158 Mobile Safari/537.36"
100.37.255.147 - - [10/Jun/2018:18:49:42 +0000] "GET /images/graph-light-d.png HTTP/1.0" 200 449 "https://goldrium.com/" "Mozilla/5.0 (Linux; Android 8.0.0; SM-G955U Build/R16NW) AppleWebKit/537.36 (KHTML, like Gecko) Chrome/66.0.3359.158 Mobile Safari/537.36"
100.37.255.147 - - [10/Jun/2018:18:49:43 +0000] "GET /images/chart-blue-a.png HTTP/1.0" 200 448 "https://goldrium.com/" "Mozilla/5.0 (Linux; Android 8.0.0; SM-G955U Build/R16NW) AppleWebKit/537.36 (KHTML, like Gecko) Chrome/66.0.3359.158 Mobile Safari/537.36"
100.37.255.147 - - [10/Jun/2018:18:49:43 +0000] "GET /assets/js/script.js?ver=111 HTTP/1.0" 200 457 "https://goldrium.com/" "Mozilla/5.0 (Linux; Android 8.0.0; SM-G955U Build/R16NW) AppleWebKit/537.36 (KHTML, like Gecko) Chrome/66.0.3359.158 Mobile Safari/537.36"
100.37.255.147 - - [10/Jun/2018:18:49:43 +0000] "GET /images/team-a-sq.jpg HTTP/1.0" 200 446 "https://goldrium.com/" "Mozilla/5.0 (Linux; Android 8.0.0; SM-G955U Build/R16NW) AppleWebKit/537.36 (KHTML, like Gecko) Chrome/66.0.3359.158 Mobile Safari/537.36"
100.37.255.147 - - [10/Jun/2018:18:49:43 +0000] "GET /images/team-c-sq.jpg HTTP/1.0" 200 446 "https://goldrium.com/" "Mozilla/5.0 (Linux; Android 8.0.0; SM-G955U Build/R16NW) AppleWebKit/537.36 (KHTML, like Gecko) Chrome/66.0.3359.158 Mobile Safari/537.36"
100.37.255.147 - - [10/Jun/2018:18:49:43 +0000] "GET /images/chart-blue-b.png HTTP/1.0" 200 448 "https://goldrium.com/" "Mozilla/5.0 (Linux; Android 8.0.0; SM-G955U Build/R16NW) AppleWebKit/537.36 (KHTML, like Gecko) Chrome/66.0.3359.158 Mobile Safari/537.36"
100.37.255.147 - - [10/Jun/2018:18:49:43 +0000] "GET /images/team-b-sq.jpg HTTP/1.0" 200 446 "https://goldrium.com/" "Mozilla/5.0 (Linux; Android 8.0.0; SM-G955U Build/R16NW) AppleWebKit/537.36 (KHTML, like Gecko) Chrome/66.0.3359.158 Mobile Safari/537.36"
100.37.255.147 - - [10/Jun/2018:18:49:43 +0000] "GET /images/mobile-app.png HTTP/1.0" 200 446 "https://goldrium.com/" "Mozilla/5.0 (Linux; Android 8.0.0; SM-G955U Build/R16NW) AppleWebKit/537.36 (KHTML, like Gecko) Chrome/66.0.3359.158 Mobile Safari/537.36"
100.37.255.147 - - [10/Jun/2018:18:49:43 +0000] "GET /images/team-a-lg.jpg HTTP/1.0" 200 446 "https://goldrium.com/" "Mozilla/5.0 (Linux; Android 8.0.0; SM-G955U Build/R16NW) AppleWebKit/537.36 (KHTML, like Gecko) Chrome/66.0.3359.158 Mobile Safari/537.36"
100.37.255.147 - - [10/Jun/2018:18:49:43 +0000] "GET /assets/js/jquery.bundle.js?ver=111 HTTP/1.0" 200 464 "https://goldrium.com/" "Mozilla/5.0 (Linux; Android 8.0.0; SM-G955U Build/R16NW) AppleWebKit/537.36 (KHTML, like Gecko) Chrome/66.0.3359.158 Mobile Safari/537.36"
100.37.255.147 - - [10/Jun/2018:18:49:43 +0000] "GET /images/team-b-lg.jpg HTTP/1.0" 200 446 "https://goldrium.com/" "Mozilla/5.0 (Linux; Android 8.0.0; SM-G955U Build/R16NW) AppleWebKit/537.36 (KHTML, like Gecko) Chrome/66.0.3359.158 Mobile Safari/537.36"
100.37.255.147 - - [10/Jun/2018:18:49:43 +0000] "GET /images/team-c-lg.jpg HTTP/1.0" 200 446 "https://goldrium.com/" "Mozilla/5.0 (Linux; Android 8.0.0; SM-G955U Build/R16NW) AppleWebKit/537.36 (KHTML, like Gecko) Chrome/66.0.3359.158 Mobile Safari/537.36"
100.37.255.147 - - [10/Jun/2018:18:49:43 +0000] "GET /images/team-d-sq.jpg HTTP/1.0" 200 446 "https://goldrium.com/" "Mozilla/5.0 (Linux; Android 8.0.0; SM-G955U Build/R16NW) AppleWebKit/537.36 (KHTML, like Gecko) Chrome/66.0.3359.158 Mobile Safari/537.36"
100.37.255.147 - - [10/Jun/2018:18:49:43 +0000] "GET /images/team-d-lg.jpg HTTP/1.0" 200 446 "https://goldrium.com/" "Mozilla/5.0 (Linux; Android 8.0.0; SM-G955U Build/R16NW) AppleWebKit/537.36 (KHTML, like Gecko) Chrome/66.0.3359.158 Mobile Safari/537.36"
100.37.255.147 - - [10/Jun/2018:18:49:43 +0000] "GET /assets/images/footer-bg-azure.png HTTP/1.0" 200 458 "https://goldrium.com/assets/css/style.css?ver=111" "Mozilla/5.0 (Linux; Android 8.0.0; SM-G955U Build/R16NW) AppleWebKit/537.36 (KHTML, like Gecko) Chrome/66.0.3359.158 Mobile Safari/537.36"
100.37.255.147 - - [10/Jun/2018:18:49:43 +0000] "GET /assets/images/mask-line-d.png HTTP/1.0" 200 454 "https://goldrium.com/assets/css/style.css?ver=111" "Mozilla/5.0 (Linux; Android 8.0.0; SM-G955U Build/R16NW) AppleWebKit/537.36 (KHTML, like Gecko) Chrome/66.0.3359.158 Mobile Safari/537.36"
100.37.255.147 - - [10/Jun/2018:18:49:43 +0000] "GET /assets/images/mask-line-c.png HTTP/1.0" 200 454 "https://goldrium.com/assets/css/style.css?ver=111" "Mozilla/5.0 (Linux; Android 8.0.0; SM-G955U Build/R16NW) AppleWebKit/537.36 (KHTML, like Gecko) Chrome/66.0.3359.158 Mobile Safari/537.36"
100.37.255.147 - - [10/Jun/2018:18:49:43 +0000] "GET /assets/images/pattern-azure-dark.png HTTP/1.0" 200 461 "https://goldrium.com/assets/css/style.css?ver=111" "Mozilla/5.0 (Linux; Android 8.0.0; SM-G955U Build/R16NW) AppleWebKit/537.36 (KHTML, like Gecko) Chrome/66.0.3359.158 Mobile Safari/537.36"
100.37.255.147 - - [10/Jun/2018:18:49:43 +0000] "GET /assets/images/pattern-azure-light.png HTTP/1.0" 200 462 "https://goldrium.com/assets/css/style.css?ver=111" "Mozilla/5.0 (Linux; Android 8.0.0; SM-G955U Build/R16NW) AppleWebKit/537.36 (KHTML, like Gecko) Chrome/66.0.3359.158 Mobile Safari/537.36"
100.37.255.147 - - [10/Jun/2018:18:49:43 +0000] "GET /assets/fonts/Poppins-Light.woff2 HTTP/1.0" 200 432 "https://goldrium.com/assets/css/style.css?ver=111" "Mozilla/5.0 (Linux; Android 8.0.0; SM-G955U Build/R16NW) AppleWebKit/537.36 (KHTML, like Gecko) Chrome/66.0.3359.158 Mobile Safari/537.36"
100.37.255.147 - - [10/Jun/2018:18:49:43 +0000] "GET /assets/images/mask-line-a.png HTTP/1.0" 200 454 "https://goldrium.com/assets/css/style.css?ver=111" "Mozilla/5.0 (Linux; Android 8.0.0; SM-G955U Build/R16NW) AppleWebKit/537.36 (KHTML, like Gecko) Chrome/66.0.3359.158 Mobile Safari/537.36"
100.37.255.147 - - [10/Jun/2018:18:49:43 +0000] "GET /assets/images/header-overlay.png HTTP/1.0" 200 457 "https://goldrium.com/assets/css/style.css?ver=111" "Mozilla/5.0 (Linux; Android 8.0.0; SM-G955U Build/R16NW) AppleWebKit/537.36 (KHTML, like Gecko) Chrome/66.0.3359.158 Mobile Safari/537.36"
100.37.255.147 - - [10/Jun/2018:18:49:43 +0000] "GET /assets/images/header-bg-azure.png HTTP/1.0" 200 458 "https://goldrium.com/assets/css/style.css?ver=111" "Mozilla/5.0 (Linux; Android 8.0.0; SM-G955U Build/R16NW) AppleWebKit/537.36 (KHTML, like Gecko) Chrome/66.0.3359.158 Mobile Safari/537.36"
100.37.255.147 - - [10/Jun/2018:18:49:43 +0000] "GET /assets/fonts/Poppins-Regular.woff2 HTTP/1.0" 200 434 "https://goldrium.com/assets/css/style.css?ver=111" "Mozilla/5.0 (Linux; Android 8.0.0; SM-G955U Build/R16NW) AppleWebKit/537.36 (KHTML, like Gecko) Chrome/66.0.3359.158 Mobile Safari/537.36"
100.37.255.147 - - [10/Jun/2018:18:49:43 +0000] "GET /assets/fonts/fontawesome-webfont.woff2?v=4.7.0 HTTP/1.0" 200 438 "https://goldrium.com/assets/css/vendor.bundle.css" "Mozilla/5.0 (Linux; Android 8.0.0; SM-G955U Build/R16NW) AppleWebKit/537.36 (KHTML, like Gecko) Chrome/66.0.3359.158 Mobile Safari/537.36"
100.37.255.147 - - [10/Jun/2018:18:49:43 +0000] "GET /assets/fonts/themify.woff?-fvbane HTTP/1.0" 200 462 "https://goldrium.com/assets/css/vendor.bundle.css" "Mozilla/5.0 (Linux; Android 8.0.0; SM-G955U Build/R16NW) AppleWebKit/537.36 (KHTML, like Gecko) Chrome/66.0.3359.158 Mobile Safari/537.36"
100.37.255.147 - - [10/Jun/2018:18:49:43 +0000] "GET /assets/fonts/Poppins-Medium.woff2 HTTP/1.0" 200 433 "https://goldrium.com/assets/css/style.css?ver=111" "Mozilla/5.0 (Linux; Android 8.0.0; SM-G955U Build/R16NW) AppleWebKit/537.36 (KHTML, like Gecko) Chrome/66.0.3359.158 Mobile Safari/537.36"
100.37.255.147 - - [10/Jun/2018:18:49:43 +0000] "GET /assets/fonts/Poppins-SemiBold.woff2 HTTP/1.0" 200 435 "https://goldrium.com/assets/css/style.css?ver=111" "Mozilla/5.0 (Linux; Android 8.0.0; SM-G955U Build/R16NW) AppleWebKit/537.36 (KHTML, like Gecko) Chrome/66.0.3359.158 Mobile Safari/537.36"
100.37.255.147 - - [10/Jun/2018:18:49:44 +0000] "GET /images/favicon.png HTTP/1.0" 200 443 "https://goldrium.com/" "Mozilla/5.0 (Linux; Android 8.0.0; SM-G955U Build/R16NW) AppleWebKit/537.36 (KHTML, like Gecko) Chrome/66.0.3359.158 Mobile Safari/537.36"
139.162.78.135 - - [10/Jun/2018:21:42:31 +0000] "GET / HTTP/1.0" 200 3742 "-" "Mozilla/5.0 (Windows NT 10.0; WOW64) AppleWebKit/537.36 (KHTML, like Gecko) Chrome/45.0.2454.101 Safari/537.36"
54.215.254.26 - - [10/Jun/2018:22:23:57 +0000] "GET / HTTP/1.0" 200 3742 "-" "Mozilla/5.0 (Macintosh; Intel Mac OS X 10_12_6) AppleWebKit/537.36 (KHTML, like Gecko) Chrome/61.0.3163.100 Safari/537.36"
185.107.47.215 - - [10/Jun/2018:22:42:41 +0000] "GET /eladm.php HTTP/1.0" 404 3731 "-" "Mozilla/5.0 (compatible; MSIE 9.0; Windows NT 6.0; Trident/5.0)"
34.204.60.190 - - [10/Jun/2018:23:05:38 +0000] "GET / HTTP/1.0" 200 3742 "-" "Mozilla/5.0 (Windows NT 6.2;en-US) AppleWebKit/537.32.36 (KHTML, live Gecko) Chrome/54.0.3066.79 Safari/537.32"
5.255.250.80 - - [10/Jun/2018:23:28:48 +0000] "GET /robots.txt HTTP/1.0" 404 4813 "-" "Mozilla/5.0 (compatible; YandexBot/3.0; +http://yandex.com/bots)"
5.255.250.80 - - [10/Jun/2018:23:28:49 +0000] "GET /robots.txt HTTP/1.0" 404 1506 "-" "Mozilla/5.0 (compatible; YandexBot/3.0; +http://yandex.com/bots)"
5.255.250.80 - - [10/Jun/2018:23:28:51 +0000] "GET / HTTP/1.0" 200 435 "-" "Mozilla/5.0 (compatible; YandexBot/3.0; +http://yandex.com/bots)"
93.158.161.86 - - [10/Jun/2018:23:28:53 +0000] "GET / HTTP/1.0" 200 435 "-" "Mozilla/5.0 (compatible; YandexBot/3.0; +http://yandex.com/bots)"
137.226.113.26 - - [11/Jun/2018:01:52:36 +0000] "GET / HTTP/1.0" 200 3742 "-" "Mozilla/5.0 zgrab/0.x (compatible; Researchscan/t12ca; +http://researchscan.comsys.rwth-aachen.de)"
137.226.113.28 - - [11/Jun/2018:02:26:38 +0000] "GET / HTTP/1.0" 200 3742 "-" "Mozilla/5.0 zgrab/0.x (compatible; Researchscan/t12sns; +http://researchscan.comsys.rwth-aachen.de)"
185.35.63.175 - - [11/Jun/2018:02:46:45 +0000] "GET / HTTP/1.0" 200 3742 "-" "rj"
54.215.254.26 - - [11/Jun/2018:03:00:42 +0000] "GET / HTTP/1.0" 200 3742 "-" "Mozilla/5.0 (Macintosh; Intel Mac OS X 10_12_6) AppleWebKit/537.36 (KHTML, like Gecko) Chrome/61.0.3163.100 Safari/537.36"
66.249.65.134 - - [10/Jun/2018:04:38:42 +0000] "GET / HTTP/1.1" 200 41277 "-" "Mozilla/5.0 (compatible; Googlebot/2.1; +http://www.google.com/bot.html)"
66.249.73.131 - - [10/Jun/2018:04:43:41 +0000] "GET / HTTP/1.1" 200 41277 "-" "Mozilla/5.0 (compatible; Googlebot/2.1; +http://www.google.com/bot.html)"
66.249.65.130 - - [10/Jun/2018:05:29:31 +0000] "GET / HTTP/1.1" 200 41277 "-" "Mozilla/5.0 (Linux; Android 6.0.1; Nexus 5X Build/MMB29P) AppleWebKit/537.36 (KHTML, like Gecko) Chrome/41.0.2272.96 Mobile Safari/537.36 (compatible; Googlebot/2.1; +http://www.google.com/bot.html)"
165.227.234.103 - - [10/Jun/2018:06:20:11 +0000] "GET / HTTP/1.1" 200 41277 "-" "Mozilla/5.0 (X11; Linux x86_64) AppleWebKit/537.11 (KHTML, like Gecko) Chrome/23.0.1271.64 Safari/537.11"
66.249.73.131 - - [10/Jun/2018:06:20:14 +0000] "GET / HTTP/1.1" 200 41277 "-" "Mozilla/5.0 (Linux; Android 6.0.1; Nexus 5X Build/MMB29P) AppleWebKit/537.36 (KHTML, like Gecko) Chrome/41.0.2272.96 Mobile Safari/537.36 (compatible; Googlebot/2.1; +http://www.google.com/bot.html)"
66.249.65.134 - - [10/Jun/2018:07:06:00 +0000] "GET / HTTP/1.1" 200 41277 "-" "Mozilla/5.0 (compatible; Googlebot/2.1; +http://www.google.com/bot.html)"
66.249.73.159 - - [10/Jun/2018:07:16:12 +0000] "GET / HTTP/1.1" 200 41277 "-" "Mozilla/5.0 (compatible; Googlebot/2.1; +http://www.google.com/bot.html)"
66.249.65.134 - - [10/Jun/2018:07:26:20 +0000] "GET / HTTP/1.1" 200 41277 "-" "Mozilla/5.0 (Linux; Android 6.0.1; Nexus 5X Build/MMB29P) AppleWebKit/537.36 (KHTML, like Gecko) Chrome/41.0.2272.96 Mobile Safari/537.36 (compatible; Googlebot/2.1; +http://www.google.com/bot.html)"
218.211.168.176 - - [10/Jun/2018:07:35:48 +0000] "GET / HTTP/1.1" 200 41277 "http://198.251.72.226:80/" "Mozilla/5.0"
66.249.73.131 - - [10/Jun/2018:08:07:12 +0000] "GET / HTTP/1.1" 200 41277 "-" "Mozilla/5.0 (Linux; Android 6.0.1; Nexus 5X Build/MMB29P) AppleWebKit/537.36 (KHTML, like Gecko) Chrome/41.0.2272.96 Mobile Safari/537.36 (compatible; Googlebot/2.1; +http://www.google.com/bot.html)"
66.249.65.130 - - [10/Jun/2018:08:17:31 +0000] "GET / HTTP/1.1" 200 41277 "-" "Mozilla/5.0 (compatible; Googlebot/2.1; +http://www.google.com/bot.html)"
5.255.250.80 - - [10/Jun/2018:09:29:29 +0000] "GET /images/favicon.png HTTP/1.1" 200 2010 "-" "Mozilla/5.0 (compatible; YandexBot/3.0; +http://yandex.com/bots)"
66.249.73.159 - - [10/Jun/2018:10:24:39 +0000] "GET / HTTP/1.1" 200 41277 "-" "Mozilla/5.0 (compatible; Googlebot/2.1; +http://www.google.com/bot.html)"
46.161.9.31 - - [10/Jun/2018:10:36:40 +0000] "\x05\x01\x00" 400 166 "-" "-"
46.161.9.31 - - [10/Jun/2018:10:43:20 +0000] "\x04\x01\x00P.\xA1\x09\x1F\x00" 400 166 "-" "-"
46.161.9.31 - - [10/Jun/2018:10:50:55 +0000] "GET http://db.speedup.gdn/echo.php HTTP/1.1" 400 264 "https://www.google.com/" "PxBroker/0.3.1/4925"
66.249.65.132 - - [10/Jun/2018:11:25:30 +0000] "GET / HTTP/1.1" 200 41277 "-" "Mozilla/5.0 (Linux; Android 6.0.1; Nexus 5X Build/MMB29P) AppleWebKit/537.36 (KHTML, like Gecko) Chrome/41.0.2272.96 Mobile Safari/537.36 (compatible; Googlebot/2.1; +http://www.google.com/bot.html)"
66.249.73.131 - - [10/Jun/2018:11:30:30 +0000] "GET / HTTP/1.1" 200 41277 "-" "Mozilla/5.0 (Linux; Android 6.0.1; Nexus 5X Build/MMB29P) AppleWebKit/537.36 (KHTML, like Gecko) Chrome/41.0.2272.96 Mobile Safari/537.36 (compatible; Googlebot/2.1; +http://www.google.com/bot.html)"
66.249.65.130 - - [10/Jun/2018:12:24:36 +0000] "GET /images/team-c-lg.jpg HTTP/1.1" 200 43280 "-" "Googlebot-Image/1.0"
66.249.65.130 - - [10/Jun/2018:12:26:31 +0000] "GET / HTTP/1.1" 200 41277 "-" "Mozilla/5.0 (compatible; Googlebot/2.1; +http://www.google.com/bot.html)"
66.249.73.128 - - [10/Jun/2018:13:22:28 +0000] "GET / HTTP/1.1" 200 41277 "-" "Mozilla/5.0 (compatible; Googlebot/2.1; +http://www.google.com/bot.html)"
185.35.63.160 - - [10/Jun/2018:13:36:54 +0000] "GET / HTTP/1.1" 200 41277 "-" "hm"
66.249.65.132 - - [10/Jun/2018:13:43:00 +0000] "GET / HTTP/1.1" 200 41277 "-" "Mozilla/5.0 (Linux; Android 6.0.1; Nexus 5X Build/MMB29P) AppleWebKit/537.36 (KHTML, like Gecko) Chrome/41.0.2272.96 Mobile Safari/537.36 (compatible; Googlebot/2.1; +http://www.google.com/bot.html)"
66.249.65.132 - - [10/Jun/2018:13:44:45 +0000] "GET /images/team-b-lg.jpg HTTP/1.1" 200 42768 "-" "Googlebot-Image/1.0"
74.82.47.2 - - [10/Jun/2018:14:43:30 +0000] "GET / HTTP/1.1" 200 41277 "-" "-"
66.249.65.130 - - [10/Jun/2018:14:50:46 +0000] "GET /images/favicon.png HTTP/1.1" 200 2010 "-" "Googlebot-Image/1.0"
83.243.151.55 - - [10/Jun/2018:14:52:16 +0000] "GET / HTTP/2.0" 200 41277 "https://www.google.no/" "Mozilla/5.0 (Windows NT 10.0; Win64; x64) AppleWebKit/537.36 (KHTML, like Gecko) Chrome/66.0.3359.181 Safari/537.36"
83.243.151.55 - - [10/Jun/2018:14:52:16 +0000] "GET /assets/css/theme-java.css?ver=111 HTTP/2.0" 200 17982 "https://goldrium.com/" "Mozilla/5.0 (Windows NT 10.0; Win64; x64) AppleWebKit/537.36 (KHTML, like Gecko) Chrome/66.0.3359.181 Safari/537.36"
83.243.151.55 - - [10/Jun/2018:14:52:16 +0000] "GET /images/logo.png HTTP/2.0" 200 5410 "https://goldrium.com/" "Mozilla/5.0 (Windows NT 10.0; Win64; x64) AppleWebKit/537.36 (KHTML, like Gecko) Chrome/66.0.3359.181 Safari/537.36"
83.243.151.55 - - [10/Jun/2018:14:52:16 +0000] "GET /images/logo-white.png HTTP/2.0" 200 5410 "https://goldrium.com/" "Mozilla/5.0 (Windows NT 10.0; Win64; x64) AppleWebKit/537.36 (KHTML, like Gecko) Chrome/66.0.3359.181 Safari/537.36"
83.243.151.55 - - [10/Jun/2018:14:52:16 +0000] "GET /images/features-icon-light-a.png HTTP/2.0" 200 19627 "https://goldrium.com/" "Mozilla/5.0 (Windows NT 10.0; Win64; x64) AppleWebKit/537.36 (KHTML, like Gecko) Chrome/66.0.3359.181 Safari/537.36"
83.243.151.55 - - [10/Jun/2018:14:52:16 +0000] "GET /images/graph-light-d.png HTTP/2.0" 200 19257 "https://goldrium.com/" "Mozilla/5.0 (Windows NT 10.0; Win64; x64) AppleWebKit/537.36 (KHTML, like Gecko) Chrome/66.0.3359.181 Safari/537.36"
83.243.151.55 - - [10/Jun/2018:14:52:16 +0000] "GET /images/features-icon-light-c.png HTTP/2.0" 200 16758 "https://goldrium.com/" "Mozilla/5.0 (Windows NT 10.0; Win64; x64) AppleWebKit/537.36 (KHTML, like Gecko) Chrome/66.0.3359.181 Safari/537.36"
83.243.151.55 - - [10/Jun/2018:14:52:16 +0000] "GET /images/features-icon-light-b.png HTTP/2.0" 200 12807 "https://goldrium.com/" "Mozilla/5.0 (Windows NT 10.0; Win64; x64) AppleWebKit/537.36 (KHTML, like Gecko) Chrome/66.0.3359.181 Safari/537.36"
83.243.151.55 - - [10/Jun/2018:14:52:16 +0000] "GET /images/chart-blue-b.png HTTP/2.0" 200 26034 "https://goldrium.com/" "Mozilla/5.0 (Windows NT 10.0; Win64; x64) AppleWebKit/537.36 (KHTML, like Gecko) Chrome/66.0.3359.181 Safari/537.36"
83.243.151.55 - - [10/Jun/2018:14:52:16 +0000] "GET /images/chart-blue-a.png HTTP/2.0" 200 21858 "https://goldrium.com/" "Mozilla/5.0 (Windows NT 10.0; Win64; x64) AppleWebKit/537.36 (KHTML, like Gecko) Chrome/66.0.3359.181 Safari/537.36"
83.243.151.55 - - [10/Jun/2018:14:52:16 +0000] "GET /images/mobile-app.png HTTP/2.0" 200 46660 "https://goldrium.com/" "Mozilla/5.0 (Windows NT 10.0; Win64; x64) AppleWebKit/537.36 (KHTML, like Gecko) Chrome/66.0.3359.181 Safari/537.36"
83.243.151.55 - - [10/Jun/2018:14:52:16 +0000] "GET /images/team-a-sq.jpg HTTP/2.0" 200 14402 "https://goldrium.com/" "Mozilla/5.0 (Windows NT 10.0; Win64; x64) AppleWebKit/537.36 (KHTML, like Gecko) Chrome/66.0.3359.181 Safari/537.36"
83.243.151.55 - - [10/Jun/2018:14:52:16 +0000] "GET /images/team-a-lg.jpg HTTP/2.0" 200 46072 "https://goldrium.com/" "Mozilla/5.0 (Windows NT 10.0; Win64; x64) AppleWebKit/537.36 (KHTML, like Gecko) Chrome/66.0.3359.181 Safari/537.36"
83.243.151.55 - - [10/Jun/2018:14:52:16 +0000] "GET /assets/css/style.css?ver=111 HTTP/2.0" 200 119668 "https://goldrium.com/" "Mozilla/5.0 (Windows NT 10.0; Win64; x64) AppleWebKit/537.36 (KHTML, like Gecko) Chrome/66.0.3359.181 Safari/537.36"
83.243.151.55 - - [10/Jun/2018:14:52:16 +0000] "GET /images/team-b-sq.jpg HTTP/2.0" 200 14314 "https://goldrium.com/" "Mozilla/5.0 (Windows NT 10.0; Win64; x64) AppleWebKit/537.36 (KHTML, like Gecko) Chrome/66.0.3359.181 Safari/537.36"
83.243.151.55 - - [10/Jun/2018:14:52:17 +0000] "GET /images/team-b-lg.jpg HTTP/2.0" 200 42768 "https://goldrium.com/" "Mozilla/5.0 (Windows NT 10.0; Win64; x64) AppleWebKit/537.36 (KHTML, like Gecko) Chrome/66.0.3359.181 Safari/537.36"
83.243.151.55 - - [10/Jun/2018:14:52:17 +0000] "GET /assets/css/vendor.bundle.css HTTP/2.0" 200 232153 "https://goldrium.com/" "Mozilla/5.0 (Windows NT 10.0; Win64; x64) AppleWebKit/537.36 (KHTML, like Gecko) Chrome/66.0.3359.181 Safari/537.36"
83.243.151.55 - - [10/Jun/2018:14:52:17 +0000] "GET /images/header-image-blue.png HTTP/2.0" 200 137843 "https://goldrium.com/" "Mozilla/5.0 (Windows NT 10.0; Win64; x64) AppleWebKit/537.36 (KHTML, like Gecko) Chrome/66.0.3359.181 Safari/537.36"
83.243.151.55 - - [10/Jun/2018:14:52:17 +0000] "GET /images/team-c-sq.jpg HTTP/2.0" 200 14642 "https://goldrium.com/" "Mozilla/5.0 (Windows NT 10.0; Win64; x64) AppleWebKit/537.36 (KHTML, like Gecko) Chrome/66.0.3359.181 Safari/537.36"
83.243.151.55 - - [10/Jun/2018:14:52:17 +0000] "GET /images/team-c-lg.jpg HTTP/2.0" 200 43280 "https://goldrium.com/" "Mozilla/5.0 (Windows NT 10.0; Win64; x64) AppleWebKit/537.36 (KHTML, like Gecko) Chrome/66.0.3359.181 Safari/537.36"
83.243.151.55 - - [10/Jun/2018:14:52:17 +0000] "GET /images/team-d-sq.jpg HTTP/2.0" 200 14110 "https://goldrium.com/" "Mozilla/5.0 (Windows NT 10.0; Win64; x64) AppleWebKit/537.36 (KHTML, like Gecko) Chrome/66.0.3359.181 Safari/537.36"
83.243.151.55 - - [10/Jun/2018:14:52:17 +0000] "GET /images/team-d-lg.jpg HTTP/2.0" 200 43620 "https://goldrium.com/" "Mozilla/5.0 (Windows NT 10.0; Win64; x64) AppleWebKit/537.36 (KHTML, like Gecko) Chrome/66.0.3359.181 Safari/537.36"
83.243.151.55 - - [10/Jun/2018:14:52:17 +0000] "GET /assets/js/script.js?ver=111 HTTP/2.0" 200 11368 "https://goldrium.com/" "Mozilla/5.0 (Windows NT 10.0; Win64; x64) AppleWebKit/537.36 (KHTML, like Gecko) Chrome/66.0.3359.181 Safari/537.36"
83.243.151.55 - - [10/Jun/2018:14:52:17 +0000] "GET /assets/js/jquery.bundle.js?ver=111 HTTP/2.0" 200 363030 "https://goldrium.com/" "Mozilla/5.0 (Windows NT 10.0; Win64; x64) AppleWebKit/537.36 (KHTML, like Gecko) Chrome/66.0.3359.181 Safari/537.36"
137.226.113.27 - - [10/Jun/2018:15:25:25 +0000] "GET / HTTP/1.1" 200 41277 "-" "Mozilla/5.0 zgrab/0.x (compatible; Researchscan/t13rl; +http://researchscan.comsys.rwth-aachen.de)"
185.220.101.8 - - [10/Jun/2018:15:58:47 +0000] "GET / HTTP/1.1" 200 41277 "-" "Mozilla/5.0 (Windows NT 10.0; Win64; x64) AppleWebKit/537.36 (KHTML, like Gecko) Chrome/66.0.3359.181 Safari/537.36"
100.37.255.147 - - [10/Jun/2018:18:49:42 +0000] "GET / HTTP/2.0" 200 41277 "-" "Mozilla/5.0 (Linux; Android 8.0.0; SM-G955U Build/R16NW) AppleWebKit/537.36 (KHTML, like Gecko) Chrome/66.0.3359.158 Mobile Safari/537.36"
100.37.255.147 - - [10/Jun/2018:18:49:43 +0000] "GET /assets/css/style.css?ver=111 HTTP/2.0" 200 119668 "https://goldrium.com/" "Mozilla/5.0 (Linux; Android 8.0.0; SM-G955U Build/R16NW) AppleWebKit/537.36 (KHTML, like Gecko) Chrome/66.0.3359.158 Mobile Safari/537.36"
100.37.255.147 - - [10/Jun/2018:18:49:43 +0000] "GET /assets/css/theme-java.css?ver=111 HTTP/2.0" 200 17982 "https://goldrium.com/" "Mozilla/5.0 (Linux; Android 8.0.0; SM-G955U Build/R16NW) AppleWebKit/537.36 (KHTML, like Gecko) Chrome/66.0.3359.158 Mobile Safari/537.36"
100.37.255.147 - - [10/Jun/2018:18:49:43 +0000] "GET /assets/js/script.js?ver=111 HTTP/2.0" 200 11368 "https://goldrium.com/" "Mozilla/5.0 (Linux; Android 8.0.0; SM-G955U Build/R16NW) AppleWebKit/537.36 (KHTML, like Gecko) Chrome/66.0.3359.158 Mobile Safari/537.36"
100.37.255.147 - - [10/Jun/2018:18:49:43 +0000] "GET /images/logo2x.png HTTP/2.0" 200 4355 "https://goldrium.com/" "Mozilla/5.0 (Linux; Android 8.0.0; SM-G955U Build/R16NW) AppleWebKit/537.36 (KHTML, like Gecko) Chrome/66.0.3359.158 Mobile Safari/537.36"
100.37.255.147 - - [10/Jun/2018:18:49:43 +0000] "GET /images/logo-white2x.png HTTP/2.0" 200 13208 "https://goldrium.com/" "Mozilla/5.0 (Linux; Android 8.0.0; SM-G955U Build/R16NW) AppleWebKit/537.36 (KHTML, like Gecko) Chrome/66.0.3359.158 Mobile Safari/537.36"
100.37.255.147 - - [10/Jun/2018:18:49:43 +0000] "GET /images/graph-light-d.png HTTP/2.0" 200 19257 "https://goldrium.com/" "Mozilla/5.0 (Linux; Android 8.0.0; SM-G955U Build/R16NW) AppleWebKit/537.36 (KHTML, like Gecko) Chrome/66.0.3359.158 Mobile Safari/537.36"
100.37.255.147 - - [10/Jun/2018:18:49:43 +0000] "GET /images/features-icon-light-a.png HTTP/2.0" 200 19627 "https://goldrium.com/" "Mozilla/5.0 (Linux; Android 8.0.0; SM-G955U Build/R16NW) AppleWebKit/537.36 (KHTML, like Gecko) Chrome/66.0.3359.158 Mobile Safari/537.36"
100.37.255.147 - - [10/Jun/2018:18:49:43 +0000] "GET /images/features-icon-light-b.png HTTP/2.0" 200 12807 "https://goldrium.com/" "Mozilla/5.0 (Linux; Android 8.0.0; SM-G955U Build/R16NW) AppleWebKit/537.36 (KHTML, like Gecko) Chrome/66.0.3359.158 Mobile Safari/537.36"
100.37.255.147 - - [10/Jun/2018:18:49:43 +0000] "GET /images/features-icon-light-c.png HTTP/2.0" 200 16758 "https://goldrium.com/" "Mozilla/5.0 (Linux; Android 8.0.0; SM-G955U Build/R16NW) AppleWebKit/537.36 (KHTML, like Gecko) Chrome/66.0.3359.158 Mobile Safari/537.36"
100.37.255.147 - - [10/Jun/2018:18:49:43 +0000] "GET /images/chart-blue-a.png HTTP/2.0" 200 21858 "https://goldrium.com/" "Mozilla/5.0 (Linux; Android 8.0.0; SM-G955U Build/R16NW) AppleWebKit/537.36 (KHTML, like Gecko) Chrome/66.0.3359.158 Mobile Safari/537.36"
100.37.255.147 - - [10/Jun/2018:18:49:43 +0000] "GET /images/chart-blue-b.png HTTP/2.0" 200 26034 "https://goldrium.com/" "Mozilla/5.0 (Linux; Android 8.0.0; SM-G955U Build/R16NW) AppleWebKit/537.36 (KHTML, like Gecko) Chrome/66.0.3359.158 Mobile Safari/537.36"
