104.193.252.187 - - [09/Jun/2018:12:33:34 +0000] "GET /webapp/login HTTP/1.0" 200 11412 "-" "python-requests/2.18.4"
104.193.252.187 - - [09/Jun/2018:12:34:02 +0000] "GET /GOLDRIUM_WhitePaper.pdf HTTP/1.0" 200 3761 "-" "python-requests/2.18.4"
104.193.252.187 - - [09/Jun/2018:12:34:41 +0000] "GET /webapp HTTP/1.0" 301 648 "-" "python-requests/2.18.4"
104.193.252.187 - - [09/Jun/2018:12:34:41 +0000] "GET /webapp/ HTTP/1.0" 200 602 "-" "python-requests/2.18.4"
104.193.252.187 - - [09/Jun/2018:12:35:11 +0000] "GET /webapp/ HTTP/1.0" 200 602 "-" "python-requests/2.18.4"
104.193.252.187 - - [09/Jun/2018:12:35:42 +0000] "GET /webapp/password/reset HTTP/1.0" 200 11003 "-" "python-requests/2.18.4"
184.105.139.70 - - [09/Jun/2018:12:39:17 +0000] "GET / HTTP/1.0" 200 3742 "-" "-"
66.249.65.130 - - [09/Jun/2018:12:59:18 +0000] "GET / HTTP/1.0" 200 3742 "-" "Mozilla/5.0 (Linux; Android 6.0.1; Nexus 5X Build/MMB29P) AppleWebKit/537.36 (KHTML, like Gecko) Chrome/41.0.2272.96 Mobile Safari/537.36 (compatible; Googlebot/2.1; +http://www.google.com/bot.html)"
66.249.65.132 - - [09/Jun/2018:12:59:22 +0000] "GET /assets/css/theme-java.css?ver=111 HTTP/1.0" 200 449 "https://goldrium.com/" "Mozilla/5.0 (Linux; Android 6.0.1; Nexus 5X Build/MMB29P) AppleWebKit/537.36 (KHTML, like Gecko) Chrome/41.0.2272.96 Mobile Safari/537.36 (compatible; Googlebot/2.1; +http://www.google.com/bot.html)"
52.39.68.28 - - [09/Jun/2018:15:11:15 +0000] "GET /robots.txt HTTP/1.0" 404 4813 "-" "Mozilla/5.0 (compatible; houzzbot; +http://www.houzz.com/)"
52.39.68.28 - - [09/Jun/2018:15:11:16 +0000] "GET / HTTP/1.0" 200 435 "-" "Mozilla/5.0 (compatible; houzzbot; +http://www.houzz.com/)"
66.249.73.159 - - [09/Jun/2018:15:11:28 +0000] "GET / HTTP/1.0" 200 435 "-" "Mozilla/5.0 (Linux; Android 6.0.1; Nexus 5X Build/MMB29P) AppleWebKit/537.36 (KHTML, like Gecko) Chrome/41.0.2272.96 Mobile Safari/537.36 (compatible; Googlebot/2.1; +http://www.google.com/bot.html)"
66.249.65.132 - - [09/Jun/2018:15:16:37 +0000] "GET / HTTP/1.0" 200 3742 "-" "Mozilla/5.0 (compatible; Googlebot/2.1; +http://www.google.com/bot.html)"
66.249.65.130 - - [09/Jun/2018:15:16:56 +0000] "GET /assets/css/vendor.bundle.css HTTP/1.0" 200 452 "https://goldrium.com/" "Mozilla/5.0 AppleWebKit/537.36 (KHTML, like Gecko; compatible; Googlebot/2.1; +http://www.google.com/bot.html) Safari/537.36"
66.249.65.130 - - [09/Jun/2018:15:16:56 +0000] "GET /assets/css/style.css?ver=111 HTTP/1.0" 200 444 "https://goldrium.com/" "Mozilla/5.0 AppleWebKit/537.36 (KHTML, like Gecko; compatible; Googlebot/2.1; +http://www.google.com/bot.html) Safari/537.36"
66.249.65.132 - - [09/Jun/2018:15:16:57 +0000] "GET /assets/css/theme-java.css?ver=111 HTTP/1.0" 200 449 "https://goldrium.com/" "Mozilla/5.0 AppleWebKit/537.36 (KHTML, like Gecko; compatible; Googlebot/2.1; +http://www.google.com/bot.html) Safari/537.36"
5.255.250.80 - - [09/Jun/2018:15:25:14 +0000] "GET /robots.txt HTTP/1.0" 404 4813 "-" "Mozilla/5.0 (compatible; YandexBot/3.0; +http://yandex.com/bots)"
178.154.171.8 - - [09/Jun/2018:15:25:18 +0000] "GET / HTTP/1.0" 200 435 "-" "Mozilla/5.0 (iPhone; CPU iPhone OS 8_1 like Mac OS X) AppleWebKit/600.1.4 (KHTML, like Gecko) Version/8.0 Mobile/12B411 Safari/600.1.4 (compatible; YandexMobileBot/3.0; +http://yandex.com/bots)"
178.154.171.8 - - [09/Jun/2018:15:25:27 +0000] "GET /assets/css/theme-java.css?ver=111 HTTP/1.0" 200 449 "https://www.goldrium.com/" "Mozilla/5.0 (iPhone; CPU iPhone OS 8_1 like Mac OS X) AppleWebKit/600.1.4 (KHTML, like Gecko) Version/8.0 Mobile/12B411 Safari/600.1.4 (compatible; YandexMobileBot/3.0; +http://yandex.com/bots)"
95.108.213.2 - - [09/Jun/2018:15:25:29 +0000] "GET /assets/css/style.css?ver=111 HTTP/1.0" 200 444 "https://www.goldrium.com/" "Mozilla/5.0 (iPhone; CPU iPhone OS 8_1 like Mac OS X) AppleWebKit/600.1.4 (KHTML, like Gecko) Version/8.0 Mobile/12B411 Safari/600.1.4 (compatible; YandexMobileBot/3.0; +http://yandex.com/bots)"
178.154.171.8 - - [09/Jun/2018:15:25:31 +0000] "GET /assets/css/vendor.bundle.css HTTP/1.0" 200 452 "https://www.goldrium.com/" "Mozilla/5.0 (iPhone; CPU iPhone OS 8_1 like Mac OS X) AppleWebKit/600.1.4 (KHTML, like Gecko) Version/8.0 Mobile/12B411 Safari/600.1.4 (compatible; YandexMobileBot/3.0; +http://yandex.com/bots)"
178.154.171.8 - - [09/Jun/2018:15:25:35 +0000] "GET /assets/js/jquery.bundle.js?ver=111 HTTP/1.0" 200 464 "https://www.goldrium.com/" "Mozilla/5.0 (iPhone; CPU iPhone OS 8_1 like Mac OS X) AppleWebKit/600.1.4 (KHTML, like Gecko) Version/8.0 Mobile/12B411 Safari/600.1.4 (compatible; YandexMobileBot/3.0; +http://yandex.com/bots)"
178.154.171.8 - - [09/Jun/2018:15:25:38 +0000] "GET /assets/js/script.js?ver=111 HTTP/1.0" 200 457 "https://www.goldrium.com/" "Mozilla/5.0 (iPhone; CPU iPhone OS 8_1 like Mac OS X) AppleWebKit/600.1.4 (KHTML, like Gecko) Version/8.0 Mobile/12B411 Safari/600.1.4 (compatible; YandexMobileBot/3.0; +http://yandex.com/bots)"
178.154.171.8 - - [09/Jun/2018:15:25:40 +0000] "GET /assets/fonts/Poppins-Light.woff2 HTTP/1.0" 200 432 "https://www.goldrium.com/assets/css/style.css?ver=111" "Mozilla/5.0 (iPhone; CPU iPhone OS 8_1 like Mac OS X) AppleWebKit/600.1.4 (KHTML, like Gecko) Version/8.0 Mobile/12B411 Safari/600.1.4 (compatible; YandexMobileBot/3.0; +http://yandex.com/bots)"
178.154.171.8 - - [09/Jun/2018:15:25:43 +0000] "GET /assets/fonts/Poppins-Medium.woff2 HTTP/1.0" 200 433 "https://www.goldrium.com/assets/css/style.css?ver=111" "Mozilla/5.0 (iPhone; CPU iPhone OS 8_1 like Mac OS X) AppleWebKit/600.1.4 (KHTML, like Gecko) Version/8.0 Mobile/12B411 Safari/600.1.4 (compatible; YandexMobileBot/3.0; +http://yandex.com/bots)"
178.154.171.8 - - [09/Jun/2018:15:25:46 +0000] "GET /assets/fonts/themify.woff?-fvbane HTTP/1.0" 200 462 "https://www.goldrium.com/assets/css/vendor.bundle.css" "Mozilla/5.0 (iPhone; CPU iPhone OS 8_1 like Mac OS X) AppleWebKit/600.1.4 (KHTML, like Gecko) Version/8.0 Mobile/12B411 Safari/600.1.4 (compatible; YandexMobileBot/3.0; +http://yandex.com/bots)"
178.154.171.8 - - [09/Jun/2018:15:25:48 +0000] "GET /assets/fonts/fontawesome-webfont.woff2?v=4.7.0 HTTP/1.0" 200 438 "https://www.goldrium.com/assets/css/vendor.bundle.css" "Mozilla/5.0 (iPhone; CPU iPhone OS 8_1 like Mac OS X) AppleWebKit/600.1.4 (KHTML, like Gecko) Version/8.0 Mobile/12B411 Safari/600.1.4 (compatible; YandexMobileBot/3.0; +http://yandex.com/bots)"
178.154.171.8 - - [09/Jun/2018:15:25:51 +0000] "GET /assets/fonts/Poppins-Regular.woff2 HTTP/1.0" 200 434 "https://www.goldrium.com/assets/css/style.css?ver=111" "Mozilla/5.0 (iPhone; CPU iPhone OS 8_1 like Mac OS X) AppleWebKit/600.1.4 (KHTML, like Gecko) Version/8.0 Mobile/12B411 Safari/600.1.4 (compatible; YandexMobileBot/3.0; +http://yandex.com/bots)"
178.154.171.8 - - [09/Jun/2018:15:25:54 +0000] "GET /assets/fonts/Poppins-SemiBold.woff2 HTTP/1.0" 200 435 "https://www.goldrium.com/assets/css/style.css?ver=111" "Mozilla/5.0 (iPhone; CPU iPhone OS 8_1 like Mac OS X) AppleWebKit/600.1.4 (KHTML, like Gecko) Version/8.0 Mobile/12B411 Safari/600.1.4 (compatible; YandexMobileBot/3.0; +http://yandex.com/bots)"
77.88.47.63 - - [09/Jun/2018:15:37:28 +0000] "GET /robots.txt HTTP/1.0" 404 4813 "-" "Mozilla/5.0 (compatible; YandexBot/3.0; +http://yandex.com/bots)"
93.158.161.86 - - [09/Jun/2018:15:37:32 +0000] "GET /favicon.ico HTTP/1.0" 404 1506 "-" "Mozilla/5.0 (compatible; YandexBot/3.0; +http://yandex.com/bots)"
66.249.73.159 - - [09/Jun/2018:15:41:57 +0000] "GET / HTTP/1.0" 200 435 "-" "Mozilla/5.0 (compatible; Googlebot/2.1; +http://www.google.com/bot.html)"
66.249.73.128 - - [09/Jun/2018:15:46:51 +0000] "GET /assets/css/vendor.bundle.css HTTP/1.0" 200 3759 "https://www.goldrium.com/" "Mozilla/5.0 AppleWebKit/537.36 (KHTML, like Gecko; compatible; Googlebot/2.1; +http://www.google.com/bot.html) Safari/537.36"
77.88.5.22 - - [09/Jun/2018:15:56:53 +0000] "GET /images/favicon.png HTTP/1.0" 200 3750 "-" "Mozilla/5.0 (compatible; YandexBot/3.0; +http://yandex.com/bots)"
66.249.65.134 - - [09/Jun/2018:16:37:47 +0000] "GET /17-kartanesi-altin-kolye-.html HTTP/1.0" 404 4813 "-" "Mozilla/5.0 (compatible; Googlebot/2.1; +http://www.google.com/bot.html)"
149.202.238.204 - - [09/Jun/2018:16:48:14 +0000] "GET / HTTP/1.0" 200 3742 "-" "Mozilla/5.0 (Windows NT 10.0; Win64; x64) AppleWebKit/537.36 (KHTML, like Gecko) Chrome/66.0.3359.181 Safari/537.36"
149.202.238.204 - - [09/Jun/2018:16:48:17 +0000] "GET /form/subscribe.php HTTP/1.0" 200 364 "http://goldrium.com/" "Mozilla/5.0 (Windows NT 10.0; Win64; x64) AppleWebKit/537.36 (KHTML, like Gecko) Chrome/66.0.3359.181 Safari/537.36"
66.249.65.134 - - [09/Jun/2018:17:08:05 +0000] "GET / HTTP/1.0" 200 3742 "-" "Mozilla/5.0 (Linux; Android 6.0.1; Nexus 5X Build/MMB29P) AppleWebKit/537.36 (KHTML, like Gecko) Chrome/41.0.2272.96 Mobile Safari/537.36 (compatible; Googlebot/2.1; +http://www.google.com/bot.html)"
37.233.102.65 - - [09/Jun/2018:17:21:31 +0000] "GET / HTTP/1.0" 200 3742 "-" "Mozilla/5.0 (Windows NT 10.0; Win64; x64) AppleWebKit/537.36 (KHTML, like Gecko) Chrome/66.0.3359.181 Safari/537.36"
139.162.116.133 - - [09/Jun/2018:19:08:55 +0000] "GET / HTTP/1.0" 200 3742 "-" "Go-http-client/1.1"
66.249.73.159 - - [09/Jun/2018:19:29:44 +0000] "GET /robots.txt HTTP/1.0" 404 4813 "-" "Mozilla/5.0 (compatible; Googlebot/2.1; +http://www.google.com/bot.html)"
66.249.73.128 - - [09/Jun/2018:19:29:46 +0000] "GET / HTTP/1.0" 200 435 "-" "Mozilla/5.0 (Linux; Android 6.0.1; Nexus 5X Build/MMB29P) AppleWebKit/537.36 (KHTML, like Gecko) Chrome/41.0.2272.96 Mobile Safari/537.36 (compatible; Googlebot/2.1; +http://www.google.com/bot.html)"
163.172.4.153 - - [09/Jun/2018:19:34:05 +0000] "GET / HTTP/1.0" 200 435 "https://goldrium.com/" "Mozilla/5.0 (Windows NT 10.0; Win64; x64) AppleWebKit/537.36 (KHTML, like Gecko) Chrome/52.0.2743.116 Safari/537.36 Edge/15.15063"
66.249.65.134 - - [09/Jun/2018:21:07:05 +0000] "GET /robots.txt HTTP/1.0" 404 4813 "-" "Mozilla/5.0 (compatible; Googlebot/2.1; +http://www.google.com/bot.html)"
66.249.65.134 - - [09/Jun/2018:21:07:05 +0000] "GET /images/team-a-sq.jpg HTTP/1.0" 200 446 "-" "Googlebot-Image/1.0"
66.249.65.132 - - [09/Jun/2018:21:11:15 +0000] "GET / HTTP/1.0" 200 435 "-" "Mozilla/5.0 (compatible; Googlebot/2.1; +http://www.google.com/bot.html)"
116.227.214.47 - - [09/Jun/2018:21:40:01 +0000] "POST / HTTP/1.0" 200 45144 "-" "Mozilla/5.0"
66.249.73.128 - - [09/Jun/2018:21:51:02 +0000] "GET / HTTP/1.0" 200 3742 "-" "Mozilla/5.0 (compatible; Googlebot/2.1; +http://www.google.com/bot.html)"
66.249.65.134 - - [09/Jun/2018:22:28:19 +0000] "GET /images/mobile-app.png HTTP/1.0" 200 3753 "-" "Googlebot-Image/1.0"
66.249.65.130 - - [09/Jun/2018:22:57:32 +0000] "GET / HTTP/1.0" 200 3742 "-" "Mozilla/5.0 (Linux; Android 6.0.1; Nexus 5X Build/MMB29P) AppleWebKit/537.36 (KHTML, like Gecko) Chrome/41.0.2272.96 Mobile Safari/537.36 (compatible; Googlebot/2.1; +http://www.google.com/bot.html)"
66.249.65.132 - - [09/Jun/2018:22:58:32 +0000] "GET /assets/css/theme-java.css?ver=111 HTTP/1.0" 200 449 "https://goldrium.com/" "Mozilla/5.0 (Linux; Android 6.0.1; Nexus 5X Build/MMB29P) AppleWebKit/537.36 (KHTML, like Gecko) Chrome/41.0.2272.96 Mobile Safari/537.36 (compatible; Googlebot/2.1; +http://www.google.com/bot.html)"
137.226.113.34 - - [09/Jun/2018:23:55:30 +0000] "GET / HTTP/1.0" 200 3742 "-" "Mozilla/5.0 (X11; Ubuntu; Linux x86_64; rv:50.0) Gecko/20100101 Firefox/50.0"
137.226.113.34 - - [09/Jun/2018:23:55:30 +0000] "GET /assets/css/vendor.bundle.css HTTP/1.0" 200 452 "-" "Mozilla/5.0 (X11; Ubuntu; Linux x86_64; rv:50.0) Gecko/20100101 Firefox/50.0"
137.226.113.34 - - [09/Jun/2018:23:55:30 +0000] "GET /assets/css/theme-java.css?ver=111 HTTP/1.0" 200 449 "-" "Mozilla/5.0 (X11; Ubuntu; Linux x86_64; rv:50.0) Gecko/20100101 Firefox/50.0"
137.226.113.34 - - [09/Jun/2018:23:55:30 +0000] "GET /images/favicon.png HTTP/1.0" 200 443 "-" "Mozilla/5.0 (X11; Ubuntu; Linux x86_64; rv:50.0) Gecko/20100101 Firefox/50.0"
137.226.113.34 - - [09/Jun/2018:23:55:30 +0000] "GET /images/logo-white.png HTTP/1.0" 200 446 "-" "Mozilla/5.0 (X11; Ubuntu; Linux x86_64; rv:50.0) Gecko/20100101 Firefox/50.0"
137.226.113.34 - - [09/Jun/2018:23:55:30 +0000] "GET /images/header-image-blue.png HTTP/1.0" 200 453 "-" "Mozilla/5.0 (X11; Ubuntu; Linux x86_64; rv:50.0) Gecko/20100101 Firefox/50.0"
137.226.113.34 - - [09/Jun/2018:23:55:30 +0000] "GET /images/graph-light-d.png HTTP/1.0" 200 449 "-" "Mozilla/5.0 (X11; Ubuntu; Linux x86_64; rv:50.0) Gecko/20100101 Firefox/50.0"
137.226.113.34 - - [09/Jun/2018:23:55:30 +0000] "GET /images/logo.png HTTP/1.0" 200 440 "-" "Mozilla/5.0 (X11; Ubuntu; Linux x86_64; rv:50.0) Gecko/20100101 Firefox/50.0"
137.226.113.34 - - [09/Jun/2018:23:55:30 +0000] "GET /images/features-icon-light-a.png HTTP/1.0" 200 457 "-" "Mozilla/5.0 (X11; Ubuntu; Linux x86_64; rv:50.0) Gecko/20100101 Firefox/50.0"
137.226.113.34 - - [09/Jun/2018:23:55:30 +0000] "GET /assets/css/style.css?ver=111 HTTP/1.0" 200 444 "-" "Mozilla/5.0 (X11; Ubuntu; Linux x86_64; rv:50.0) Gecko/20100101 Firefox/50.0"
137.226.113.34 - - [09/Jun/2018:23:55:30 +0000] "GET /images/team-c-lg.jpg HTTP/1.0" 200 446 "-" "Mozilla/5.0 (X11; Ubuntu; Linux x86_64; rv:50.0) Gecko/20100101 Firefox/50.0"
137.226.113.34 - - [09/Jun/2018:23:55:30 +0000] "GET /images/team-d-lg.jpg HTTP/1.0" 200 446 "-" "Mozilla/5.0 (X11; Ubuntu; Linux x86_64; rv:50.0) Gecko/20100101 Firefox/50.0"
137.226.113.34 - - [09/Jun/2018:23:55:30 +0000] "GET /images/chart-blue-a.png HTTP/1.0" 200 448 "-" "Mozilla/5.0 (X11; Ubuntu; Linux x86_64; rv:50.0) Gecko/20100101 Firefox/50.0"
137.226.113.34 - - [09/Jun/2018:23:55:30 +0000] "GET /images/features-icon-light-b.png HTTP/1.0" 200 457 "-" "Mozilla/5.0 (X11; Ubuntu; Linux x86_64; rv:50.0) Gecko/20100101 Firefox/50.0"
137.226.113.34 - - [09/Jun/2018:23:55:30 +0000] "GET /images/mobile-app.png HTTP/1.0" 200 446 "-" "Mozilla/5.0 (X11; Ubuntu; Linux x86_64; rv:50.0) Gecko/20100101 Firefox/50.0"
137.226.113.34 - - [09/Jun/2018:23:55:30 +0000] "GET /images/features-icon-light-c.png HTTP/1.0" 200 457 "-" "Mozilla/5.0 (X11; Ubuntu; Linux x86_64; rv:50.0) Gecko/20100101 Firefox/50.0"
137.226.113.34 - - [09/Jun/2018:23:55:30 +0000] "GET /images/team-b-sq.jpg HTTP/1.0" 200 446 "-" "Mozilla/5.0 (X11; Ubuntu; Linux x86_64; rv:50.0) Gecko/20100101 Firefox/50.0"
137.226.113.34 - - [09/Jun/2018:23:55:30 +0000] "GET /images/chart-blue-b.png HTTP/1.0" 200 448 "-" "Mozilla/5.0 (X11; Ubuntu; Linux x86_64; rv:50.0) Gecko/20100101 Firefox/50.0"
137.226.113.34 - - [09/Jun/2018:23:55:30 +0000] "GET /images/team-a-lg.jpg HTTP/1.0" 200 446 "-" "Mozilla/5.0 (X11; Ubuntu; Linux x86_64; rv:50.0) Gecko/20100101 Firefox/50.0"
137.226.113.34 - - [09/Jun/2018:23:55:30 +0000] "GET /images/team-d-sq.jpg HTTP/1.0" 200 446 "-" "Mozilla/5.0 (X11; Ubuntu; Linux x86_64; rv:50.0) Gecko/20100101 Firefox/50.0"
137.226.113.34 - - [09/Jun/2018:23:55:30 +0000] "GET /images/team-c-sq.jpg HTTP/1.0" 200 446 "-" "Mozilla/5.0 (X11; Ubuntu; Linux x86_64; rv:50.0) Gecko/20100101 Firefox/50.0"
137.226.113.34 - - [09/Jun/2018:23:55:30 +0000] "GET /images/team-b-lg.jpg HTTP/1.0" 200 446 "-" "Mozilla/5.0 (X11; Ubuntu; Linux x86_64; rv:50.0) Gecko/20100101 Firefox/50.0"
137.226.113.34 - - [09/Jun/2018:23:55:30 +0000] "GET /images/team-a-sq.jpg HTTP/1.0" 200 446 "-" "Mozilla/5.0 (X11; Ubuntu; Linux x86_64; rv:50.0) Gecko/20100101 Firefox/50.0"
137.226.113.34 - - [09/Jun/2018:23:55:30 +0000] "GET /assets/js/script.js?ver=111 HTTP/1.0" 200 457 "-" "Mozilla/5.0 (X11; Ubuntu; Linux x86_64; rv:50.0) Gecko/20100101 Firefox/50.0"
137.226.113.34 - - [09/Jun/2018:23:55:30 +0000] "GET /assets/js/jquery.bundle.js?ver=111 HTTP/1.0" 200 464 "-" "Mozilla/5.0 (X11; Ubuntu; Linux x86_64; rv:50.0) Gecko/20100101 Firefox/50.0"
66.249.73.131 - - [10/Jun/2018:00:03:45 +0000] "GET / HTTP/1.0" 200 3742 "-" "Mozilla/5.0 (Linux; Android 6.0.1; Nexus 5X Build/MMB29P) AppleWebKit/537.36 (KHTML, like Gecko) Chrome/41.0.2272.96 Mobile Safari/537.36 (compatible; Googlebot/2.1; +http://www.google.com/bot.html)"
38.135.47.2 - - [10/Jun/2018:00:11:24 +0000] "GET / HTTP/1.0" 200 3742 "-" "Mozilla/5.0 (Windows NT 5.1; rv:9.0.1) Gecko/20100101 Firefox/9.0.1"
38.135.47.2 - - [10/Jun/2018:00:11:26 +0000] "GET /HNAP1/ HTTP/1.0" 404 1506 "http://198.251.72.226/" "Mozilla/5.0 (Windows NT 5.1; rv:9.0.1) Gecko/20100101 Firefox/9.0.1"
107.170.229.236 - - [10/Jun/2018:00:27:22 +0000] "GET / HTTP/1.0" 200 3742 "-" "Mozilla/5.0 zgrab/0.x"
66.249.65.130 - - [10/Jun/2018:00:34:36 +0000] "GET / HTTP/1.0" 200 3742 "-" "Mozilla/5.0 (compatible; Googlebot/2.1; +http://www.google.com/bot.html)"
66.249.65.134 - - [10/Jun/2018:00:50:51 +0000] "GET /images/logo.png HTTP/1.0" 200 3747 "-" "Googlebot-Image/1.0"
66.249.73.128 - - [10/Jun/2018:00:54:12 +0000] "GET / HTTP/1.0" 200 435 "-" "Mozilla/5.0 (compatible; Googlebot/2.1; +http://www.google.com/bot.html)"
66.249.65.134 - - [10/Jun/2018:02:10:55 +0000] "GET / HTTP/1.0" 200 3742 "-" "Mozilla/5.0 (Linux; Android 6.0.1; Nexus 5X Build/MMB29P) AppleWebKit/537.36 (KHTML, like Gecko) Chrome/41.0.2272.96 Mobile Safari/537.36 (compatible; Googlebot/2.1; +http://www.google.com/bot.html)"
66.249.73.128 - - [10/Jun/2018:02:41:32 +0000] "GET / HTTP/1.0" 200 3742 "-" "Mozilla/5.0 (Linux; Android 6.0.1; Nexus 5X Build/MMB29P) AppleWebKit/537.36 (KHTML, like Gecko) Chrome/41.0.2272.96 Mobile Safari/537.36 (compatible; Googlebot/2.1; +http://www.google.com/bot.html)"
173.208.130.202 - - [10/Jun/2018:03:11:40 +0000] "GET /robots.txt HTTP/1.0" 404 4813 "-" "Mozilla/5.0 (compatible; MJ12bot/v1.4.8; http://mj12bot.com/)"
173.208.130.202 - - [10/Jun/2018:03:11:44 +0000] "GET / HTTP/1.0" 200 435 "-" "Mozilla/5.0 (compatible; MJ12bot/v1.4.8; http://mj12bot.com/)"
5.8.10.202 - - [10/Jun/2018:03:23:57 +0000] "GET / HTTP/1.0" 200 3742 "-" "Go-http-client/1.1"
5.8.10.202 - - [10/Jun/2018:03:23:58 +0000] "GET / HTTP/1.0" 200 435 "-" "Go-http-client/1.1"
5.8.10.202 - - [10/Jun/2018:03:23:59 +0000] "GET / HTTP/1.0" 200 435 "-" "Go-http-client/1.1"
5.8.10.202 - - [10/Jun/2018:03:24:01 +0000] "GET / HTTP/1.0" 200 435 "-" "Go-http-client/1.1"
5.8.10.202 - - [10/Jun/2018:03:24:03 +0000] "GET / HTTP/1.0" 200 435 "-" "Go-http-client/1.1"
5.8.10.202 - - [10/Jun/2018:03:24:04 +0000] "GET / HTTP/1.0" 200 435 "-" "Go-http-client/1.1"
5.8.10.202 - - [10/Jun/2018:03:24:06 +0000] "GET / HTTP/1.0" 200 435 "-" "Go-http-client/1.1"
5.8.10.202 - - [10/Jun/2018:03:24:07 +0000] "GET / HTTP/1.0" 200 435 "-" "Go-http-client/1.1"
5.8.10.202 - - [10/Jun/2018:03:24:09 +0000] "GET / HTTP/1.0" 200 435 "-" "Go-http-client/1.1"
5.8.10.202 - - [10/Jun/2018:03:24:10 +0000] "GET / HTTP/1.0" 200 435 "-" "Go-http-client/1.1"
5.8.10.202 - - [10/Jun/2018:03:24:12 +0000] "GET / HTTP/1.0" 200 435 "-" "Go-http-client/1.1"
5.8.10.202 - - [10/Jun/2018:03:24:13 +0000] "GET / HTTP/1.0" 200 435 "-" "Go-http-client/1.1"
5.8.10.202 - - [10/Jun/2018:03:24:14 +0000] "GET / HTTP/1.0" 200 435 "-" "Go-http-client/1.1"
5.8.10.202 - - [10/Jun/2018:03:24:15 +0000] "GET / HTTP/1.0" 200 435 "-" "Go-http-client/1.1"
5.8.10.202 - - [10/Jun/2018:03:24:17 +0000] "GET / HTTP/1.0" 200 435 "-" "Go-http-client/1.1"
5.8.10.202 - - [10/Jun/2018:03:24:18 +0000] "GET / HTTP/1.0" 200 435 "-" "Go-http-client/1.1"
5.8.10.202 - - [10/Jun/2018:03:24:19 +0000] "GET / HTTP/1.0" 200 435 "-" "Go-http-client/1.1"
5.8.10.202 - - [10/Jun/2018:03:24:21 +0000] "GET / HTTP/1.0" 200 435 "-" "Go-http-client/1.1"
5.8.10.202 - - [10/Jun/2018:03:24:22 +0000] "GET / HTTP/1.0" 200 435 "-" "Go-http-client/1.1"
5.8.10.202 - - [10/Jun/2018:03:24:23 +0000] "GET / HTTP/1.0" 200 435 "-" "Go-http-client/1.1"
5.8.10.202 - - [10/Jun/2018:03:24:25 +0000] "GET / HTTP/1.0" 200 435 "-" "Go-http-client/1.1"
5.8.10.202 - - [10/Jun/2018:03:24:26 +0000] "GET / HTTP/1.0" 200 435 "-" "Go-http-client/1.1"
141.212.122.160 - - [09/Jun/2018:03:09:23 +0000] "GET / HTTP/1.1" 200 41277 "http://198.251.72.226:80/" "Mozilla/5.0 zgrab/0.x"
66.249.73.159 - - [09/Jun/2018:05:27:30 +0000] "GET / HTTP/1.1" 200 41277 "-" "Mozilla/5.0 (Linux; Android 6.0.1; Nexus 5X Build/MMB29P) AppleWebKit/537.36 (KHTML, like Gecko) Chrome/41.0.2272.96 Mobile Safari/537.36 (compatible; Googlebot/2.1; +http://www.google.com/bot.html)"
66.249.73.159 - - [09/Jun/2018:05:27:33 +0000] "GET /assets/css/vendor.bundle.css HTTP/1.1" 200 232153 "https://www.goldrium.com/" "Mozilla/5.0 (Linux; Android 6.0.1; Nexus 5X Build/MMB29P) AppleWebKit/537.36 (KHTML, like Gecko) Chrome/41.0.2272.96 Mobile Safari/537.36 (compatible; Googlebot/2.1; +http://www.google.com/bot.html)"
66.249.73.128 - - [09/Jun/2018:05:27:34 +0000] "GET /assets/css/theme-java.css?ver=111 HTTP/1.1" 200 17982 "https://www.goldrium.com/" "Mozilla/5.0 (Linux; Android 6.0.1; Nexus 5X Build/MMB29P) AppleWebKit/537.36 (KHTML, like Gecko) Chrome/41.0.2272.96 Mobile Safari/537.36 (compatible; Googlebot/2.1; +http://www.google.com/bot.html)"
66.249.73.128 - - [09/Jun/2018:05:27:34 +0000] "GET /assets/css/style.css?ver=111 HTTP/1.1" 200 119668 "https://www.goldrium.com/" "Mozilla/5.0 (Linux; Android 6.0.1; Nexus 5X Build/MMB29P) AppleWebKit/537.36 (KHTML, like Gecko) Chrome/41.0.2272.96 Mobile Safari/537.36 (compatible; Googlebot/2.1; +http://www.google.com/bot.html)"
193.90.12.115 - - [09/Jun/2018:05:49:15 +0000] "GET / HTTP/1.1" 200 41277 "-" "Mozilla/5.0 (Windows NT 10.0; Win64; x64) AppleWebKit/537.36 (KHTML, like Gecko) Chrome/66.0.3359.181 Safari/537.36"
13.57.220.0 - - [09/Jun/2018:05:50:29 +0000] "GET / HTTP/1.1" 200 41277 "http://www.goldrium.io/" "Mozilla/5.0 (Macintosh; Intel Mac OS X 10_12_6) AppleWebKit/537.36 (KHTML, like Gecko) Chrome/61.0.3163.100 Safari/537.36"
66.249.73.159 - - [09/Jun/2018:06:23:27 +0000] "GET / HTTP/1.1" 200 41277 "-" "Mozilla/5.0 (compatible; Googlebot/2.1; +http://www.google.com/bot.html)"
66.249.73.131 - - [09/Jun/2018:06:23:30 +0000] "GET /assets/css/theme-java.css?ver=111 HTTP/1.1" 200 17982 "https://www.goldrium.com/" "Mozilla/5.0 AppleWebKit/537.36 (KHTML, like Gecko; compatible; Googlebot/2.1; +http://www.google.com/bot.html) Safari/537.36"
66.249.73.128 - - [09/Jun/2018:06:23:30 +0000] "GET /assets/css/style.css?ver=111 HTTP/1.1" 200 119668 "https://www.goldrium.com/" "Mozilla/5.0 AppleWebKit/537.36 (KHTML, like Gecko; compatible; Googlebot/2.1; +http://www.google.com/bot.html) Safari/537.36"
46.101.56.110 - - [09/Jun/2018:07:15:31 +0000] "GET / HTTP/1.1" 200 41277 "-" "Mozilla/5.0 (X11; Linux x86_64) AppleWebKit/537.11 (KHTML, like Gecko) Chrome/23.0.1271.64 Safari/537.11"
66.249.65.132 - - [09/Jun/2018:08:40:58 +0000] "GET / HTTP/1.1" 200 41277 "-" "Mozilla/5.0 (compatible; Googlebot/2.1; +http://www.google.com/bot.html)"
66.249.65.134 - - [09/Jun/2018:08:45:58 +0000] "GET / HTTP/1.1" 200 41277 "-" "Mozilla/5.0 (Linux; Android 6.0.1; Nexus 5X Build/MMB29P) AppleWebKit/537.36 (KHTML, like Gecko) Chrome/41.0.2272.96 Mobile Safari/537.36 (compatible; Googlebot/2.1; +http://www.google.com/bot.html)"
66.249.65.134 - - [09/Jun/2018:08:45:59 +0000] "GET / HTTP/1.1" 200 41277 "-" "Mozilla/5.0 (Linux; Android 6.0.1; Nexus 5X Build/MMB29P) AppleWebKit/537.36 (KHTML, like Gecko) Chrome/41.0.2272.96 Mobile Safari/537.36 (compatible; Googlebot/2.1; +http://www.google.com/bot.html)"
13.57.220.0 - - [09/Jun/2018:09:04:56 +0000] "GET / HTTP/1.1" 200 41277 "http://www.goldrium.com/" "Mozilla/5.0 (Macintosh; Intel Mac OS X 10_12_6) AppleWebKit/537.36 (KHTML, like Gecko) Chrome/61.0.3163.100 Safari/537.36"
82.10.184.120 - - [09/Jun/2018:09:52:44 +0000] "GET /webapp/assets/front/css/bootstrap.min.css HTTP/2.0" 200 121198 "https://goldrium.com/webapp/register" "Mozilla/5.0 (Windows NT 6.3; Win64; x64) AppleWebKit/537.36 (KHTML, like Gecko) Chrome/66.0.3359.181 Safari/537.36"
82.10.184.120 - - [09/Jun/2018:09:52:44 +0000] "GET /webapp/assets/front/css/slick.css HTTP/2.0" 200 1776 "https://goldrium.com/webapp/register" "Mozilla/5.0 (Windows NT 6.3; Win64; x64) AppleWebKit/537.36 (KHTML, like Gecko) Chrome/66.0.3359.181 Safari/537.36"
82.10.184.120 - - [09/Jun/2018:09:52:44 +0000] "GET /webapp/assets/front/css/slicknav.min.css HTTP/2.0" 200 2505 "https://goldrium.com/webapp/register" "Mozilla/5.0 (Windows NT 6.3; Win64; x64) AppleWebKit/537.36 (KHTML, like Gecko) Chrome/66.0.3359.181 Safari/537.36"
82.10.184.120 - - [09/Jun/2018:09:52:44 +0000] "GET /webapp/assets/front/css/lightcase.css HTTP/2.0" 200 17577 "https://goldrium.com/webapp/register" "Mozilla/5.0 (Windows NT 6.3; Win64; x64) AppleWebKit/537.36 (KHTML, like Gecko) Chrome/66.0.3359.181 Safari/537.36"
82.10.184.120 - - [09/Jun/2018:09:52:44 +0000] "GET /webapp/assets/front/css/font-awesome.min.css HTTP/2.0" 200 28986 "https://goldrium.com/webapp/register" "Mozilla/5.0 (Windows NT 6.3; Win64; x64) AppleWebKit/537.36 (KHTML, like Gecko) Chrome/66.0.3359.181 Safari/537.36"
82.10.184.120 - - [09/Jun/2018:09:52:44 +0000] "GET /webapp/assets/front/css/swiper.min.css HTTP/2.0" 200 17759 "https://goldrium.com/webapp/register" "Mozilla/5.0 (Windows NT 6.3; Win64; x64) AppleWebKit/537.36 (KHTML, like Gecko) Chrome/66.0.3359.181 Safari/537.36"
82.10.184.120 - - [09/Jun/2018:09:52:44 +0000] "GET /webapp/assets/front/2/css/style.css HTTP/2.0" 200 9003 "https://goldrium.com/webapp/register" "Mozilla/5.0 (Windows NT 6.3; Win64; x64) AppleWebKit/537.36 (KHTML, like Gecko) Chrome/66.0.3359.181 Safari/537.36"
82.10.184.120 - - [09/Jun/2018:09:52:44 +0000] "GET /webapp/assets/front/css/responsive.css HTTP/2.0" 200 53067 "https://goldrium.com/webapp/register" "Mozilla/5.0 (Windows NT 6.3; Win64; x64) AppleWebKit/537.36 (KHTML, like Gecko) Chrome/66.0.3359.181 Safari/537.36"
82.10.184.120 - - [09/Jun/2018:09:52:44 +0000] "GET /webapp/assets/front/2/js/modernizr.js HTTP/2.0" 200 51364 "https://goldrium.com/webapp/register" "Mozilla/5.0 (Windows NT 6.3; Win64; x64) AppleWebKit/537.36 (KHTML, like Gecko) Chrome/66.0.3359.181 Safari/537.36"
82.10.184.120 - - [09/Jun/2018:09:52:44 +0000] "GET /webapp/assets/front/js/bootstrap.min.js HTTP/2.0" 200 37045 "https://goldrium.com/webapp/register" "Mozilla/5.0 (Windows NT 6.3; Win64; x64) AppleWebKit/537.36 (KHTML, like Gecko) Chrome/66.0.3359.181 Safari/537.36"
82.10.184.120 - - [09/Jun/2018:09:52:44 +0000] "GET /webapp/assets/js/jquery.min.js HTTP/2.0" 200 86659 "https://goldrium.com/webapp/register" "Mozilla/5.0 (Windows NT 6.3; Win64; x64) AppleWebKit/537.36 (KHTML, like Gecko) Chrome/66.0.3359.181 Safari/537.36"
82.10.184.120 - - [09/Jun/2018:09:52:44 +0000] "GET /webapp/assets/front/js/highlight.min.js HTTP/2.0" 200 37037 "https://goldrium.com/webapp/register" "Mozilla/5.0 (Windows NT 6.3; Win64; x64) AppleWebKit/537.36 (KHTML, like Gecko) Chrome/66.0.3359.181 Safari/537.36"
82.10.184.120 - - [09/Jun/2018:09:52:44 +0000] "GET /webapp/assets/front/js/jquery.circliful.js HTTP/2.0" 200 22375 "https://goldrium.com/webapp/register" "Mozilla/5.0 (Windows NT 6.3; Win64; x64) AppleWebKit/537.36 (KHTML, like Gecko) Chrome/66.0.3359.181 Safari/537.36"
82.10.184.120 - - [09/Jun/2018:09:52:44 +0000] "GET /webapp/assets/front/js/jquery.counterup.min.js HTTP/2.0" 200 1067 "https://goldrium.com/webapp/register" "Mozilla/5.0 (Windows NT 6.3; Win64; x64) AppleWebKit/537.36 (KHTML, like Gecko) Chrome/66.0.3359.181 Safari/537.36"
82.10.184.120 - - [09/Jun/2018:09:52:44 +0000] "GET /webapp/assets/front/js/jquery.ripples-min.js HTTP/2.0" 200 14804 "https://goldrium.com/webapp/register" "Mozilla/5.0 (Windows NT 6.3; Win64; x64) AppleWebKit/537.36 (KHTML, like Gecko) Chrome/66.0.3359.181 Safari/537.36"
82.10.184.120 - - [09/Jun/2018:09:52:44 +0000] "GET /webapp/assets/front/js/jquery.slicknav.min.js HTTP/2.0" 200 8415 "https://goldrium.com/webapp/register" "Mozilla/5.0 (Windows NT 6.3; Win64; x64) AppleWebKit/537.36 (KHTML, like Gecko) Chrome/66.0.3359.181 Safari/537.36"
82.10.184.120 - - [09/Jun/2018:09:52:44 +0000] "GET /webapp/assets/front/js/lightcase.js HTTP/2.0" 200 49384 "https://goldrium.com/webapp/register" "Mozilla/5.0 (Windows NT 6.3; Win64; x64) AppleWebKit/537.36 (KHTML, like Gecko) Chrome/66.0.3359.181 Safari/537.36"
82.10.184.120 - - [09/Jun/2018:09:52:44 +0000] "GET /webapp/assets/front/js/particles.min.js HTTP/2.0" 200 23364 "https://goldrium.com/webapp/register" "Mozilla/5.0 (Windows NT 6.3; Win64; x64) AppleWebKit/537.36 (KHTML, like Gecko) Chrome/66.0.3359.181 Safari/537.36"
82.10.184.120 - - [09/Jun/2018:09:52:44 +0000] "GET /webapp/assets/front/js/particles-custom.js HTTP/2.0" 200 2841 "https://goldrium.com/webapp/register" "Mozilla/5.0 (Windows NT 6.3; Win64; x64) AppleWebKit/537.36 (KHTML, like Gecko) Chrome/66.0.3359.181 Safari/537.36"
82.10.184.120 - - [09/Jun/2018:09:52:44 +0000] "GET /webapp/assets/front/js/raindrops.js HTTP/2.0" 200 4597 "https://goldrium.com/webapp/register" "Mozilla/5.0 (Windows NT 6.3; Win64; x64) AppleWebKit/537.36 (KHTML, like Gecko) Chrome/66.0.3359.181 Safari/537.36"
82.10.184.120 - - [09/Jun/2018:09:52:44 +0000] "GET /webapp/assets/front/js/easing-min.js HTTP/2.0" 200 3791 "https://goldrium.com/webapp/register" "Mozilla/5.0 (Windows NT 6.3; Win64; x64) AppleWebKit/537.36 (KHTML, like Gecko) Chrome/66.0.3359.181 Safari/537.36"
82.10.184.120 - - [09/Jun/2018:09:52:44 +0000] "GET /webapp/assets/front/js/slick.min.js HTTP/2.0" 200 42863 "https://goldrium.com/webapp/register" "Mozilla/5.0 (Windows NT 6.3; Win64; x64) AppleWebKit/537.36 (KHTML, like Gecko) Chrome/66.0.3359.181 Safari/537.36"
82.10.184.120 - - [09/Jun/2018:09:52:44 +0000] "GET /webapp/assets/front/js/swiper.min.js HTTP/2.0" 200 96419 "https://goldrium.com/webapp/register" "Mozilla/5.0 (Windows NT 6.3; Win64; x64) AppleWebKit/537.36 (KHTML, like Gecko) Chrome/66.0.3359.181 Safari/537.36"
82.10.184.120 - - [09/Jun/2018:09:52:44 +0000] "GET /webapp/assets/front/css/style.css HTTP/2.0" 200 131545 "https://goldrium.com/webapp/register" "Mozilla/5.0 (Windows NT 6.3; Win64; x64) AppleWebKit/537.36 (KHTML, like Gecko) Chrome/66.0.3359.181 Safari/537.36"
82.10.184.120 - - [09/Jun/2018:09:52:44 +0000] "GET /webapp/assets/front/js/jquery-ui-slider.min.js HTTP/2.0" 200 487212 "https://goldrium.com/webapp/register" "Mozilla/5.0 (Windows NT 6.3; Win64; x64) AppleWebKit/537.36 (KHTML, like Gecko) Chrome/66.0.3359.181 Safari/537.36"
82.10.184.120 - - [09/Jun/2018:09:52:44 +0000] "GET /webapp/assets/front/js/waypoints.min.js HTTP/2.0" 200 8044 "https://goldrium.com/webapp/register" "Mozilla/5.0 (Windows NT 6.3; Win64; x64) AppleWebKit/537.36 (KHTML, like Gecko) Chrome/66.0.3359.181 Safari/537.36"
82.10.184.120 - - [09/Jun/2018:09:52:44 +0000] "GET /webapp/assets/front/js/main.js HTTP/2.0" 200 9949 "https://goldrium.com/webapp/register" "Mozilla/5.0 (Windows NT 6.3; Win64; x64) AppleWebKit/537.36 (KHTML, like Gecko) Chrome/66.0.3359.181 Safari/537.36"
82.10.184.120 - - [09/Jun/2018:09:52:44 +0000] "GET /webapp/assets/front/2/js/main.js HTTP/2.0" 200 1051 "https://goldrium.com/webapp/register" "Mozilla/5.0 (Windows NT 6.3; Win64; x64) AppleWebKit/537.36 (KHTML, like Gecko) Chrome/66.0.3359.181 Safari/537.36"
82.10.184.120 - - [09/Jun/2018:09:52:45 +0000] "GET /webapp/assets/front/img/bb.gif HTTP/2.0" 200 144474 "https://goldrium.com/webapp/assets/front/css/style.css" "Mozilla/5.0 (Windows NT 6.3; Win64; x64) AppleWebKit/537.36 (KHTML, like Gecko) Chrome/66.0.3359.181 Safari/537.36"
82.10.184.120 - - [09/Jun/2018:09:52:45 +0000] "GET /webapp/assets/front/fonts/fontawesome-webfont.woff2?v=4.6.3 HTTP/2.0" 200 71896 "https://goldrium.com/webapp/assets/front/css/font-awesome.min.css" "Mozilla/5.0 (Windows NT 6.3; Win64; x64) AppleWebKit/537.36 (KHTML, like Gecko) Chrome/66.0.3359.181 Safari/537.36"
82.10.184.120 - - [09/Jun/2018:09:52:45 +0000] "GET /webapp/assets/images/logo/icon.png HTTP/2.0" 200 8337 "https://goldrium.com/webapp/register" "Mozilla/5.0 (Windows NT 6.3; Win64; x64) AppleWebKit/537.36 (KHTML, like Gecko) Chrome/66.0.3359.181 Safari/537.36"
82.10.184.120 - - [09/Jun/2018:09:53:15 +0000] "GET / HTTP/2.0" 200 41277 "-" "Mozilla/5.0 (Windows NT 6.3; Win64; x64) AppleWebKit/537.36 (KHTML, like Gecko) Chrome/66.0.3359.181 Safari/537.36"
82.10.184.120 - - [09/Jun/2018:09:53:16 +0000] "GET /assets/css/theme-java.css?ver=111 HTTP/2.0" 200 17982 "https://goldrium.com/" "Mozilla/5.0 (Windows NT 6.3; Win64; x64) AppleWebKit/537.36 (KHTML, like Gecko) Chrome/66.0.3359.181 Safari/537.36"
82.10.184.120 - - [09/Jun/2018:09:53:16 +0000] "GET /images/logo2x.png HTTP/2.0" 200 4355 "https://goldrium.com/" "Mozilla/5.0 (Windows NT 6.3; Win64; x64) AppleWebKit/537.36 (KHTML, like Gecko) Chrome/66.0.3359.181 Safari/537.36"
82.10.184.120 - - [09/Jun/2018:09:53:16 +0000] "GET /images/logo-white2x.png HTTP/2.0" 200 13208 "https://goldrium.com/" "Mozilla/5.0 (Windows NT 6.3; Win64; x64) AppleWebKit/537.36 (KHTML, like Gecko) Chrome/66.0.3359.181 Safari/537.36"
82.10.184.120 - - [09/Jun/2018:09:53:16 +0000] "GET /assets/css/style.css?ver=111 HTTP/2.0" 200 119668 "https://goldrium.com/" "Mozilla/5.0 (Windows NT 6.3; Win64; x64) AppleWebKit/537.36 (KHTML, like Gecko) Chrome/66.0.3359.181 Safari/537.36"
82.10.184.120 - - [09/Jun/2018:09:53:16 +0000] "GET /assets/css/vendor.bundle.css HTTP/2.0" 200 232153 "https://goldrium.com/" "Mozilla/5.0 (Windows NT 6.3; Win64; x64) AppleWebKit/537.36 (KHTML, like Gecko) Chrome/66.0.3359.181 Safari/537.36"
82.10.184.120 - - [09/Jun/2018:09:53:16 +0000] "GET /images/header-image-blue.png HTTP/2.0" 200 137843 "https://goldrium.com/" "Mozilla/5.0 (Windows NT 6.3; Win64; x64) AppleWebKit/537.36 (KHTML, like Gecko) Chrome/66.0.3359.181 Safari/537.36"
82.10.184.120 - - [09/Jun/2018:09:53:16 +0000] "GET /images/graph-light-d.png HTTP/2.0" 200 19257 "https://goldrium.com/" "Mozilla/5.0 (Windows NT 6.3; Win64; x64) AppleWebKit/537.36 (KHTML, like Gecko) Chrome/66.0.3359.181 Safari/537.36"
82.10.184.120 - - [09/Jun/2018:09:53:16 +0000] "GET /images/features-icon-light-b.png HTTP/2.0" 200 12807 "https://goldrium.com/" "Mozilla/5.0 (Windows NT 6.3; Win64; x64) AppleWebKit/537.36 (KHTML, like Gecko) Chrome/66.0.3359.181 Safari/537.36"
82.10.184.120 - - [09/Jun/2018:09:53:16 +0000] "GET /images/features-icon-light-c.png HTTP/2.0" 200 16758 "https://goldrium.com/" "Mozilla/5.0 (Windows NT 6.3; Win64; x64) AppleWebKit/537.36 (KHTML, like Gecko) Chrome/66.0.3359.181 Safari/537.36"
82.10.184.120 - - [09/Jun/2018:09:53:16 +0000] "GET /images/chart-blue-a.png HTTP/2.0" 200 21858 "https://goldrium.com/" "Mozilla/5.0 (Windows NT 6.3; Win64; x64) AppleWebKit/537.36 (KHTML, like Gecko) Chrome/66.0.3359.181 Safari/537.36"
82.10.184.120 - - [09/Jun/2018:09:53:16 +0000] "GET /images/chart-blue-b.png HTTP/2.0" 200 26034 "https://goldrium.com/" "Mozilla/5.0 (Windows NT 6.3; Win64; x64) AppleWebKit/537.36 (KHTML, like Gecko) Chrome/66.0.3359.181 Safari/537.36"
82.10.184.120 - - [09/Jun/2018:09:53:16 +0000] "GET /images/team-a-sq.jpg HTTP/2.0" 200 14402 "https://goldrium.com/" "Mozilla/5.0 (Windows NT 6.3; Win64; x64) AppleWebKit/537.36 (KHTML, like Gecko) Chrome/66.0.3359.181 Safari/537.36"
82.10.184.120 - - [09/Jun/2018:09:53:16 +0000] "GET /images/features-icon-light-a.png HTTP/2.0" 200 19627 "https://goldrium.com/" "Mozilla/5.0 (Windows NT 6.3; Win64; x64) AppleWebKit/537.36 (KHTML, like Gecko) Chrome/66.0.3359.181 Safari/537.36"
82.10.184.120 - - [09/Jun/2018:09:53:16 +0000] "GET /assets/js/jquery.bundle.js?ver=111 HTTP/2.0" 200 363030 "https://goldrium.com/" "Mozilla/5.0 (Windows NT 6.3; Win64; x64) AppleWebKit/537.36 (KHTML, like Gecko) Chrome/66.0.3359.181 Safari/537.36"
82.10.184.120 - - [09/Jun/2018:09:53:16 +0000] "GET /images/mobile-app.png HTTP/2.0" 200 46660 "https://goldrium.com/" "Mozilla/5.0 (Windows NT 6.3; Win64; x64) AppleWebKit/537.36 (KHTML, like Gecko) Chrome/66.0.3359.181 Safari/537.36"
82.10.184.120 - - [09/Jun/2018:09:53:16 +0000] "GET /images/team-b-sq.jpg HTTP/2.0" 200 14314 "https://goldrium.com/" "Mozilla/5.0 (Windows NT 6.3; Win64; x64) AppleWebKit/537.36 (KHTML, like Gecko) Chrome/66.0.3359.181 Safari/537.36"
82.10.184.120 - - [09/Jun/2018:09:53:16 +0000] "GET /assets/js/script.js?ver=111 HTTP/2.0" 200 11368 "https://goldrium.com/" "Mozilla/5.0 (Windows NT 6.3; Win64; x64) AppleWebKit/537.36 (KHTML, like Gecko) Chrome/66.0.3359.181 Safari/537.36"
82.10.184.120 - - [09/Jun/2018:09:53:16 +0000] "GET /images/team-b-lg.jpg HTTP/2.0" 200 42768 "https://goldrium.com/" "Mozilla/5.0 (Windows NT 6.3; Win64; x64) AppleWebKit/537.36 (KHTML, like Gecko) Chrome/66.0.3359.181 Safari/537.36"
82.10.184.120 - - [09/Jun/2018:09:53:16 +0000] "GET /images/team-a-lg.jpg HTTP/2.0" 200 46072 "https://goldrium.com/" "Mozilla/5.0 (Windows NT 6.3; Win64; x64) AppleWebKit/537.36 (KHTML, like Gecko) Chrome/66.0.3359.181 Safari/537.36"
82.10.184.120 - - [09/Jun/2018:09:53:16 +0000] "GET /images/team-c-lg.jpg HTTP/2.0" 200 43280 "https://goldrium.com/" "Mozilla/5.0 (Windows NT 6.3; Win64; x64) AppleWebKit/537.36 (KHTML, like Gecko) Chrome/66.0.3359.181 Safari/537.36"
82.10.184.120 - - [09/Jun/2018:09:53:16 +0000] "GET /images/team-c-sq.jpg HTTP/2.0" 200 14642 "https://goldrium.com/" "Mozilla/5.0 (Windows NT 6.3; Win64; x64) AppleWebKit/537.36 (KHTML, like Gecko) Chrome/66.0.3359.181 Safari/537.36"
82.10.184.120 - - [09/Jun/2018:09:53:16 +0000] "GET /images/team-d-sq.jpg HTTP/2.0" 200 14110 "https://goldrium.com/" "Mozilla/5.0 (Windows NT 6.3; Win64; x64) AppleWebKit/537.36 (KHTML, like Gecko) Chrome/66.0.3359.181 Safari/537.36"
82.10.184.120 - - [09/Jun/2018:09:53:16 +0000] "GET /images/team-d-lg.jpg HTTP/2.0" 200 43620 "https://goldrium.com/" "Mozilla/5.0 (Windows NT 6.3; Win64; x64) AppleWebKit/537.36 (KHTML, like Gecko) Chrome/66.0.3359.181 Safari/537.36"
82.10.184.120 - - [09/Jun/2018:09:53:18 +0000] "GET /assets/images/footer-bg-azure.png HTTP/2.0" 200 86032 "https://goldrium.com/assets/css/style.css?ver=111" "Mozilla/5.0 (Windows NT 6.3; Win64; x64) AppleWebKit/537.36 (KHTML, like Gecko) Chrome/66.0.3359.181 Safari/537.36"
82.10.184.120 - - [09/Jun/2018:09:53:18 +0000] "GET /assets/images/header-bg-azure.png HTTP/2.0" 200 385270 "https://goldrium.com/assets/css/style.css?ver=111" "Mozilla/5.0 (Windows NT 6.3; Win64; x64) AppleWebKit/537.36 (KHTML, like Gecko) Chrome/66.0.3359.181 Safari/537.36"
82.10.184.120 - - [09/Jun/2018:09:53:18 +0000] "GET /assets/images/header-overlay.png HTTP/2.0" 200 6713 "https://goldrium.com/assets/css/style.css?ver=111" "Mozilla/5.0 (Windows NT 6.3; Win64; x64) AppleWebKit/537.36 (KHTML, like Gecko) Chrome/66.0.3359.181 Safari/537.36"
82.10.184.120 - - [09/Jun/2018:09:53:18 +0000] "GET /assets/fonts/themify.woff?-fvbane HTTP/2.0" 200 56108 "https://goldrium.com/assets/css/vendor.bundle.css" "Mozilla/5.0 (Windows NT 6.3; Win64; x64) AppleWebKit/537.36 (KHTML, like Gecko) Chrome/66.0.3359.181 Safari/537.36"
82.10.184.120 - - [09/Jun/2018:09:53:18 +0000] "GET /assets/fonts/Poppins-Medium.woff2 HTTP/2.0" 200 49368 "https://goldrium.com/assets/css/style.css?ver=111" "Mozilla/5.0 (Windows NT 6.3; Win64; x64) AppleWebKit/537.36 (KHTML, like Gecko) Chrome/66.0.3359.181 Safari/537.36"
82.10.184.120 - - [09/Jun/2018:09:53:18 +0000] "GET /assets/images/mask-line-a.png HTTP/2.0" 200 12686 "https://goldrium.com/assets/css/style.css?ver=111" "Mozilla/5.0 (Windows NT 6.3; Win64; x64) AppleWebKit/537.36 (KHTML, like Gecko) Chrome/66.0.3359.181 Safari/537.36"
82.10.184.120 - - [09/Jun/2018:09:53:18 +0000] "GET /assets/images/pattern-azure-light.png HTTP/2.0" 200 72016 "https://goldrium.com/assets/css/style.css?ver=111" "Mozilla/5.0 (Windows NT 6.3; Win64; x64) AppleWebKit/537.36 (KHTML, like Gecko) Chrome/66.0.3359.181 Safari/537.36"
82.10.184.120 - - [09/Jun/2018:09:53:19 +0000] "GET /assets/fonts/fontawesome-webfont.woff2?v=4.7.0 HTTP/2.0" 200 77160 "https://goldrium.com/assets/css/vendor.bundle.css" "Mozilla/5.0 (Windows NT 6.3; Win64; x64) AppleWebKit/537.36 (KHTML, like Gecko) Chrome/66.0.3359.181 Safari/537.36"
82.10.184.120 - - [09/Jun/2018:09:53:19 +0000] "GET /assets/fonts/Poppins-SemiBold.woff2 HTTP/2.0" 200 48924 "https://goldrium.com/assets/css/style.css?ver=111" "Mozilla/5.0 (Windows NT 6.3; Win64; x64) AppleWebKit/537.36 (KHTML, like Gecko) Chrome/66.0.3359.181 Safari/537.36"
82.10.184.120 - - [09/Jun/2018:09:53:19 +0000] "GET /assets/fonts/Poppins-Light.woff2 HTTP/2.0" 200 49268 "https://goldrium.com/assets/css/style.css?ver=111" "Mozilla/5.0 (Windows NT 6.3; Win64; x64) AppleWebKit/537.36 (KHTML, like Gecko) Chrome/66.0.3359.181 Safari/537.36"
82.10.184.120 - - [09/Jun/2018:09:53:19 +0000] "GET /assets/fonts/Poppins-Regular.woff2 HTTP/2.0" 200 49516 "https://goldrium.com/assets/css/style.css?ver=111" "Mozilla/5.0 (Windows NT 6.3; Win64; x64) AppleWebKit/537.36 (KHTML, like Gecko) Chrome/66.0.3359.181 Safari/537.36"
82.10.184.120 - - [09/Jun/2018:09:53:19 +0000] "GET /assets/images/mask-line-c.png HTTP/2.0" 200 11266 "https://goldrium.com/assets/css/style.css?ver=111" "Mozilla/5.0 (Windows NT 6.3; Win64; x64) AppleWebKit/537.36 (KHTML, like Gecko) Chrome/66.0.3359.181 Safari/537.36"
82.10.184.120 - - [09/Jun/2018:09:53:19 +0000] "GET /assets/images/pattern-azure-dark.png HTTP/2.0" 200 48156 "https://goldrium.com/assets/css/style.css?ver=111" "Mozilla/5.0 (Windows NT 6.3; Win64; x64) AppleWebKit/537.36 (KHTML, like Gecko) Chrome/66.0.3359.181 Safari/537.36"
82.10.184.120 - - [09/Jun/2018:09:53:19 +0000] "GET /assets/images/mask-line-d.png HTTP/2.0" 200 11491 "https://goldrium.com/assets/css/style.css?ver=111" "Mozilla/5.0 (Windows NT 6.3; Win64; x64) AppleWebKit/537.36 (KHTML, like Gecko) Chrome/66.0.3359.181 Safari/537.36"
82.10.184.120 - - [09/Jun/2018:09:53:24 +0000] "GET /images/favicon.png HTTP/2.0" 200 2010 "https://goldrium.com/" "Mozilla/5.0 (Windows NT 6.3; Win64; x64) AppleWebKit/537.36 (KHTML, like Gecko) Chrome/66.0.3359.181 Safari/537.36"
66.249.73.159 - - [09/Jun/2018:10:12:20 +0000] "GET /assets/css/theme-java.css?ver=111 HTTP/1.1" 200 17982 "https://www.goldrium.com/" "Mozilla/5.0 (Linux; Android 6.0.1; Nexus 5X Build/MMB29P) AppleWebKit/537.36 (KHTML, like Gecko) Chrome/41.0.2272.96 Mobile Safari/537.36 (compatible; Googlebot/2.1; +http://www.google.com/bot.html)"
66.249.73.159 - - [09/Jun/2018:10:12:21 +0000] "GET /assets/css/style.css?ver=111 HTTP/1.1" 200 119668 "https://www.goldrium.com/" "Mozilla/5.0 (Linux; Android 6.0.1; Nexus 5X Build/MMB29P) AppleWebKit/537.36 (KHTML, like Gecko) Chrome/41.0.2272.96 Mobile Safari/537.36 (compatible; Googlebot/2.1; +http://www.google.com/bot.html)"
66.249.73.159 - - [09/Jun/2018:10:12:21 +0000] "GET /assets/css/vendor.bundle.css HTTP/1.1" 200 232153 "https://www.goldrium.com/" "Mozilla/5.0 (Linux; Android 6.0.1; Nexus 5X Build/MMB29P) AppleWebKit/537.36 (KHTML, like Gecko) Chrome/41.0.2272.96 Mobile Safari/537.36 (compatible; Googlebot/2.1; +http://www.google.com/bot.html)"
185.35.63.42 - - [09/Jun/2018:11:05:54 +0000] "GET / HTTP/1.1" 200 41277 "-" "yy"
62.4.14.206 - - [09/Jun/2018:11:15:36 +0000] "GET / HTTP/1.1" 200 41277 "-" "Mozilla/5.0 (X11; Ubuntu; Linux x86_64; rv:58.0) Gecko/20100101 Firefox/58.0"
185.35.63.40 - - [09/Jun/2018:11:36:02 +0000] "GET / HTTP/1.1" 200 41277 "-" "wl"
66.249.65.130 - - [09/Jun/2018:12:28:57 +0000] "GET / HTTP/1.1" 200 41277 "-" "Mozilla/5.0 (compatible; Googlebot/2.1; +http://www.google.com/bot.html)"
66.249.65.130 - - [09/Jun/2018:12:29:07 +0000] "GET /assets/css/style.css?ver=111 HTTP/1.1" 200 119668 "https://goldrium.com/" "Mozilla/5.0 AppleWebKit/537.36 (KHTML, like Gecko; compatible; Googlebot/2.1; +http://www.google.com/bot.html) Safari/537.36"
66.249.65.130 - - [09/Jun/2018:12:29:07 +0000] "GET /assets/css/vendor.bundle.css HTTP/1.1" 200 232153 "https://goldrium.com/" "Mozilla/5.0 AppleWebKit/537.36 (KHTML, like Gecko; compatible; Googlebot/2.1; +http://www.google.com/bot.html) Safari/537.36"
104.193.252.187 - - [09/Jun/2018:12:33:16 +0000] "GET / HTTP/1.1" 200 41277 "-" "python-requests/2.18.4"
104.193.252.187 - - [09/Jun/2018:12:33:18 +0000] "GET / HTTP/1.1" 200 41277 "-" "python-requests/2.18.4"
104.193.252.187 - - [09/Jun/2018:12:34:02 +0000] "GET /GOLDRIUM_WhitePaper.pdf HTTP/1.1" 200 2196006 "-" "python-requests/2.18.4"
184.105.139.70 - - [09/Jun/2018:12:39:17 +0000] "GET / HTTP/1.1" 200 41277 "-" "-"
66.249.65.130 - - [09/Jun/2018:12:59:18 +0000] "GET / HTTP/1.1" 200 41277 "-" "Mozilla/5.0 (Linux; Android 6.0.1; Nexus 5X Build/MMB29P) AppleWebKit/537.36 (KHTML, like Gecko) Chrome/41.0.2272.96 Mobile Safari/537.36 (compatible; Googlebot/2.1; +http://www.google.com/bot.html)"
66.249.65.132 - - [09/Jun/2018:12:59:22 +0000] "GET /assets/css/theme-java.css?ver=111 HTTP/1.1" 200 17982 "https://goldrium.com/" "Mozilla/5.0 (Linux; Android 6.0.1; Nexus 5X Build/MMB29P) AppleWebKit/537.36 (KHTML, like Gecko) Chrome/41.0.2272.96 Mobile Safari/537.36 (compatible; Googlebot/2.1; +http://www.google.com/bot.html)"
52.39.68.28 - - [09/Jun/2018:15:11:16 +0000] "GET / HTTP/1.1" 200 41277 "-" "Mozilla/5.0 (compatible; houzzbot; +http://www.houzz.com/)"
66.249.73.159 - - [09/Jun/2018:15:11:28 +0000] "GET / HTTP/1.1" 200 41277 "-" "Mozilla/5.0 (Linux; Android 6.0.1; Nexus 5X Build/MMB29P) AppleWebKit/537.36 (KHTML, like Gecko) Chrome/41.0.2272.96 Mobile Safari/537.36 (compatible; Googlebot/2.1; +http://www.google.com/bot.html)"
66.249.65.132 - - [09/Jun/2018:15:16:37 +0000] "GET / HTTP/1.1" 200 41277 "-" "Mozilla/5.0 (compatible; Googlebot/2.1; +http://www.google.com/bot.html)"
66.249.65.130 - - [09/Jun/2018:15:16:56 +0000] "GET /assets/css/vendor.bundle.css HTTP/1.1" 200 232153 "https://goldrium.com/" "Mozilla/5.0 AppleWebKit/537.36 (KHTML, like Gecko; compatible; Googlebot/2.1; +http://www.google.com/bot.html) Safari/537.36"
66.249.65.130 - - [09/Jun/2018:15:16:56 +0000] "GET /assets/css/style.css?ver=111 HTTP/1.1" 200 119668 "https://goldrium.com/" "Mozilla/5.0 AppleWebKit/537.36 (KHTML, like Gecko; compatible; Googlebot/2.1; +http://www.google.com/bot.html) Safari/537.36"
66.249.65.132 - - [09/Jun/2018:15:16:57 +0000] "GET /assets/css/theme-java.css?ver=111 HTTP/1.1" 200 17982 "https://goldrium.com/" "Mozilla/5.0 AppleWebKit/537.36 (KHTML, like Gecko; compatible; Googlebot/2.1; +http://www.google.com/bot.html) Safari/537.36"
178.154.171.8 - - [09/Jun/2018:15:25:18 +0000] "GET / HTTP/1.1" 200 41277 "-" "Mozilla/5.0 (iPhone; CPU iPhone OS 8_1 like Mac OS X) AppleWebKit/600.1.4 (KHTML, like Gecko) Version/8.0 Mobile/12B411 Safari/600.1.4 (compatible; YandexMobileBot/3.0; +http://yandex.com/bots)"
178.154.171.8 - - [09/Jun/2018:15:25:27 +0000] "GET /assets/css/theme-java.css?ver=111 HTTP/1.1" 200 17982 "https://www.goldrium.com/" "Mozilla/5.0 (iPhone; CPU iPhone OS 8_1 like Mac OS X) AppleWebKit/600.1.4 (KHTML, like Gecko) Version/8.0 Mobile/12B411 Safari/600.1.4 (compatible; YandexMobileBot/3.0; +http://yandex.com/bots)"
95.108.213.2 - - [09/Jun/2018:15:25:29 +0000] "GET /assets/css/style.css?ver=111 HTTP/1.1" 200 119668 "https://www.goldrium.com/" "Mozilla/5.0 (iPhone; CPU iPhone OS 8_1 like Mac OS X) AppleWebKit/600.1.4 (KHTML, like Gecko) Version/8.0 Mobile/12B411 Safari/600.1.4 (compatible; YandexMobileBot/3.0; +http://yandex.com/bots)"
178.154.171.8 - - [09/Jun/2018:15:25:32 +0000] "GET /assets/css/vendor.bundle.css HTTP/1.1" 200 232153 "https://www.goldrium.com/" "Mozilla/5.0 (iPhone; CPU iPhone OS 8_1 like Mac OS X) AppleWebKit/600.1.4 (KHTML, like Gecko) Version/8.0 Mobile/12B411 Safari/600.1.4 (compatible; YandexMobileBot/3.0; +http://yandex.com/bots)"
178.154.171.8 - - [09/Jun/2018:15:25:35 +0000] "GET /assets/js/jquery.bundle.js?ver=111 HTTP/1.1" 200 363030 "https://www.goldrium.com/" "Mozilla/5.0 (iPhone; CPU iPhone OS 8_1 like Mac OS X) AppleWebKit/600.1.4 (KHTML, like Gecko) Version/8.0 Mobile/12B411 Safari/600.1.4 (compatible; YandexMobileBot/3.0; +http://yandex.com/bots)"
178.154.171.8 - - [09/Jun/2018:15:25:38 +0000] "GET /assets/js/script.js?ver=111 HTTP/1.1" 200 11368 "https://www.goldrium.com/" "Mozilla/5.0 (iPhone; CPU iPhone OS 8_1 like Mac OS X) AppleWebKit/600.1.4 (KHTML, like Gecko) Version/8.0 Mobile/12B411 Safari/600.1.4 (compatible; YandexMobileBot/3.0; +http://yandex.com/bots)"
178.154.171.8 - - [09/Jun/2018:15:25:40 +0000] "GET /assets/fonts/Poppins-Light.woff2 HTTP/1.1" 200 49268 "https://www.goldrium.com/assets/css/style.css?ver=111" "Mozilla/5.0 (iPhone; CPU iPhone OS 8_1 like Mac OS X) AppleWebKit/600.1.4 (KHTML, like Gecko) Version/8.0 Mobile/12B411 Safari/600.1.4 (compatible; YandexMobileBot/3.0; +http://yandex.com/bots)"
178.154.171.8 - - [09/Jun/2018:15:25:43 +0000] "GET /assets/fonts/Poppins-Medium.woff2 HTTP/1.1" 200 49368 "https://www.goldrium.com/assets/css/style.css?ver=111" "Mozilla/5.0 (iPhone; CPU iPhone OS 8_1 like Mac OS X) AppleWebKit/600.1.4 (KHTML, like Gecko) Version/8.0 Mobile/12B411 Safari/600.1.4 (compatible; YandexMobileBot/3.0; +http://yandex.com/bots)"
178.154.171.8 - - [09/Jun/2018:15:25:46 +0000] "GET /assets/fonts/themify.woff?-fvbane HTTP/1.1" 200 56108 "https://www.goldrium.com/assets/css/vendor.bundle.css" "Mozilla/5.0 (iPhone; CPU iPhone OS 8_1 like Mac OS X) AppleWebKit/600.1.4 (KHTML, like Gecko) Version/8.0 Mobile/12B411 Safari/600.1.4 (compatible; YandexMobileBot/3.0; +http://yandex.com/bots)"
178.154.171.8 - - [09/Jun/2018:15:25:48 +0000] "GET /assets/fonts/fontawesome-webfont.woff2?v=4.7.0 HTTP/1.1" 200 77160 "https://www.goldrium.com/assets/css/vendor.bundle.css" "Mozilla/5.0 (iPhone; CPU iPhone OS 8_1 like Mac OS X) AppleWebKit/600.1.4 (KHTML, like Gecko) Version/8.0 Mobile/12B411 Safari/600.1.4 (compatible; YandexMobileBot/3.0; +http://yandex.com/bots)"
178.154.171.8 - - [09/Jun/2018:15:25:51 +0000] "GET /assets/fonts/Poppins-Regular.woff2 HTTP/1.1" 200 49516 "https://www.goldrium.com/assets/css/style.css?ver=111" "Mozilla/5.0 (iPhone; CPU iPhone OS 8_1 like Mac OS X) AppleWebKit/600.1.4 (KHTML, like Gecko) Version/8.0 Mobile/12B411 Safari/600.1.4 (compatible; YandexMobileBot/3.0; +http://yandex.com/bots)"
178.154.171.8 - - [09/Jun/2018:15:25:54 +0000] "GET /assets/fonts/Poppins-SemiBold.woff2 HTTP/1.1" 200 48924 "https://www.goldrium.com/assets/css/style.css?ver=111" "Mozilla/5.0 (iPhone; CPU iPhone OS 8_1 like Mac OS X) AppleWebKit/600.1.4 (KHTML, like Gecko) Version/8.0 Mobile/12B411 Safari/600.1.4 (compatible; YandexMobileBot/3.0; +http://yandex.com/bots)"
